Archive member included to satisfy reference by file (symbol)

platform/libplatform_s.a(hw_init.o)
                              secure_fw/CMakeFiles/tfm_s.dir/__/platform/ext/target/nordic_nrf/common/core/startup.o (hw_init_reset_on_boot)
platform/libplatform_s.a(system_nrf5340_application.o)
                              secure_fw/CMakeFiles/tfm_s.dir/__/platform/ext/target/nordic_nrf/common/core/startup.o (SystemInit)
platform/libplatform_s.a(exception_info.o)
                              secure_fw/CMakeFiles/tfm_s.dir/__/platform/ext/target/nordic_nrf/common/core/startup_nrf5340.o (store_and_dump_context)
secure_fw/partitions/lib/runtime/libtfm_sprt.a(crt_memcpy.o)
                              platform/libplatform_s.a(exception_info.o) (memcpy)
secure_fw/partitions/lib/runtime/libtfm_sprt.a(crt_memset.o)
                              /opt/nordic/ncs/toolchains/f8037e9b83/opt/zephyr-sdk/arm-zephyr-eabi/bin/../lib/gcc/arm-zephyr-eabi/12.2.0/../../../../arm-zephyr-eabi/lib/thumb/v8-m.main+fp/hard/crt0.o (memset)
secure_fw/partitions/lib/runtime/libtfm_sprt.a(psa_interface_sfn.o)
                              secure_fw/CMakeFiles/tfm_s.dir/partitions/ns_agent_tz/psa_api_veneers_v80m.o (psa_framework_version)
secure_fw/spm/libtfm_spm.a(utilities.o)
                              secure_fw/CMakeFiles/tfm_s.dir/__/platform/ext/target/nordic_nrf/common/core/startup.o (tfm_core_panic)
secure_fw/spm/libtfm_spm.a(main.o)
                              /opt/nordic/ncs/toolchains/f8037e9b83/opt/zephyr-sdk/arm-zephyr-eabi/bin/../lib/gcc/arm-zephyr-eabi/12.2.0/../../../../arm-zephyr-eabi/lib/thumb/v8-m.main+fp/hard/crt0.o (main)
secure_fw/spm/libtfm_spm.a(psa_api.o)
                              secure_fw/partitions/lib/runtime/libtfm_sprt.a(psa_interface_sfn.o) (spm_handle_programmer_errors)
secure_fw/spm/libtfm_spm.a(psa_call_api.o)
                              secure_fw/partitions/lib/runtime/libtfm_sprt.a(psa_interface_sfn.o) (tfm_spm_client_psa_call)
secure_fw/spm/libtfm_spm.a(psa_version_api.o)
                              secure_fw/partitions/lib/runtime/libtfm_sprt.a(psa_interface_sfn.o) (tfm_spm_client_psa_framework_version)
secure_fw/spm/libtfm_spm.a(psa_read_write_skip_api.o)
                              secure_fw/partitions/lib/runtime/libtfm_sprt.a(psa_interface_sfn.o) (tfm_spm_partition_psa_read)
secure_fw/spm/libtfm_spm.a(backend_sfn.o)
                              secure_fw/partitions/lib/runtime/libtfm_sprt.a(psa_interface_sfn.o) (p_current_partition)
secure_fw/spm/libtfm_spm.a(tfm_svcalls.o)
                              secure_fw/spm/libtfm_spm.a(main.o) (tfm_core_handler_mode)
secure_fw/spm/libtfm_spm.a(spm_local_connection.o)
                              secure_fw/spm/libtfm_spm.a(psa_api.o) (spm_free_connection)
secure_fw/spm/libtfm_spm.a(tfm_arch_v8m_main.o)
                              secure_fw/spm/libtfm_spm.a(main.o) (tfm_arch_set_secure_exception_priorities)
secure_fw/spm/libtfm_spm.a(ns_agent_tz_v80m.o)
                              secure_fw/CMakeFiles/tfm_s.dir/partitions/ns_agent_tz/load_info_ns_agent_tz.o (ns_agent_tz_main)
secure_fw/spm/libtfm_spm.a(tfm_hal_isolation.o)
                              secure_fw/spm/libtfm_spm.a(main.o) (tfm_hal_set_up_static_boundaries)
secure_fw/spm/libtfm_spm.a(tfm_hal_platform_common.o)
                              secure_fw/spm/libtfm_spm.a(backend_sfn.o) (tfm_hal_get_ns_entry_point)
secure_fw/spm/libtfm_spm.a(faults.o)
                              secure_fw/CMakeFiles/tfm_s.dir/__/platform/ext/target/nordic_nrf/common/core/startup_nrf5340.o (SPU_IRQHandler)
secure_fw/spm/libtfm_spm.a(target_cfg.o)
                              secure_fw/spm/libtfm_spm.a(tfm_hal_isolation.o) (tfm_peripheral_vmc)
secure_fw/spm/libtfm_spm.a(tfm_boot_data.o)
                              secure_fw/spm/libtfm_spm.a(main.o) (tfm_core_validate_boot_data)
secure_fw/spm/libtfm_spm.a(tfm_arch.o)
                              secure_fw/spm/libtfm_spm.a(tfm_svcalls.o) (tfm_arch_free_msp_and_exc_ret)
secure_fw/spm/libtfm_spm.a(spm_ipc.o)
                              secure_fw/spm/libtfm_spm.a(psa_version_api.o) (tfm_spm_get_service_by_sid)
secure_fw/spm/libtfm_spm.a(rom_loader.o)
                              secure_fw/spm/libtfm_spm.a(spm_ipc.o) (load_a_partition_assuredly)
secure_fw/spm/libtfm_spm.a(tfm_spm_ns_ctx.o)
                              secure_fw/spm/libtfm_spm.a(spm_ipc.o) (tfm_nspm_get_current_client_id)
secure_fw/partitions/crypto/libtfm_psa_rot_partition_crypto.a(crypto_init.o)
                              secure_fw/CMakeFiles/tfm_s.dir/__/generated/secure_fw/partitions/crypto/auto_generated/load_info_tfm_crypto.o (tfm_crypto_init)
secure_fw/partitions/crypto/libtfm_psa_rot_partition_crypto.a(crypto_alloc.o)
                              secure_fw/partitions/crypto/libtfm_psa_rot_partition_crypto.a(crypto_init.o) (tfm_crypto_init_alloc)
secure_fw/partitions/crypto/libtfm_psa_rot_partition_crypto.a(crypto_cipher.o)
[...]
Memory Configuration

Name             Origin             Length             Attributes
FLASH            0x0000000000010200 0x000000000000be00 xr
RAM              0x0000000020002000 0x0000000000008000 xrw
*default*        0x0000000000000000 0xffffffffffffffff

Linker script and memory map

LOAD /opt/nordic/ncs/toolchains/f8037e9b83/opt/zephyr-sdk/arm-zephyr-eabi/bin/../lib/gcc/arm-zephyr-eabi/12.2.0/thumb/v8-m.main+fp/hard/crti.o
LOAD /opt/nordic/ncs/toolchains/f8037e9b83/opt/zephyr-sdk/arm-zephyr-eabi/bin/../lib/gcc/arm-zephyr-eabi/12.2.0/thumb/v8-m.main+fp/hard/crtbegin.o
LOAD /opt/nordic/ncs/toolchains/f8037e9b83/opt/zephyr-sdk/arm-zephyr-eabi/bin/../lib/gcc/arm-zephyr-eabi/12.2.0/../../../../arm-zephyr-eabi/lib/thumb/v8-m.main+fp/hard/crt0.o
LOAD secure_fw/CMakeFiles/tfm_s.dir/partitions/ns_agent_tz/psa_api_veneers_v80m.o
LOAD secure_fw/CMakeFiles/tfm_s.dir/__/platform/ext/target/nordic_nrf/common/core/startup.o
LOAD secure_fw/CMakeFiles/tfm_s.dir/__/platform/ext/target/nordic_nrf/common/core/startup_nrf5340.o
LOAD secure_fw/CMakeFiles/tfm_s.dir/__/platform/ext/common/faults.o
LOAD secure_fw/CMakeFiles/tfm_s.dir/__/generated/secure_fw/partitions/crypto/auto_generated/load_info_tfm_crypto.o
LOAD secure_fw/CMakeFiles/tfm_s.dir/__/generated/secure_fw/partitions/platform/auto_generated/load_info_tfm_platform.o
LOAD secure_fw/CMakeFiles/tfm_s.dir/partitions/ns_agent_tz/load_info_ns_agent_tz.o
LOAD secure_fw/CMakeFiles/tfm_s.dir/__/platform/ext/common/syscalls_stub.o
LOAD platform/libplatform_s.a
LOAD secure_fw/partitions/lib/runtime/libtfm_sprt.a
LOAD secure_fw/spm/libtfm_spm.a
LOAD secure_fw/partitions/crypto/libtfm_psa_rot_partition_crypto.a
LOAD platform/libplatform_crypto_keys.a
LOAD secure_fw/partitions/crypto/mbedcrypto/nrf_security_src/libcrypto_service_mbedcrypto.a
LOAD secure_fw/partitions/platform/libtfm_psa_rot_partition_platform.a
LOAD /opt/nordic/ncs/v2.7.0/nrfxlib/crypto/nrf_cc312_mbedcrypto/lib/cortex-m33/hard-float/no-interrupts/libnrf_cc312_psa_crypto_0.9.19.a
LOAD /opt/nordic/ncs/v2.7.0/nrfxlib/crypto/nrf_cc312_mbedcrypto/lib/cortex-m33/hard-float/no-interrupts/libnrf_cc312_core_0.9.19.a
LOAD /opt/nordic/ncs/v2.7.0/nrfxlib/crypto/nrf_cc312_mbedcrypto/lib/cortex-m33/hard-float/no-interrupts/libnrf_cc312_legacy_crypto_0.9.19.a
LOAD platform/libplatform_s.a
LOAD secure_fw/partitions/lib/runtime/libtfm_sprt.a
LOAD secure_fw/spm/libtfm_spm.a
LOAD secure_fw/partitions/crypto/libtfm_psa_rot_partition_crypto.a
LOAD platform/libplatform_crypto_keys.a
LOAD secure_fw/partitions/crypto/mbedcrypto/nrf_security_src/libcrypto_service_mbedcrypto.a
LOAD secure_fw/partitions/platform/libtfm_psa_rot_partition_platform.a
LOAD /opt/nordic/ncs/v2.7.0/nrfxlib/crypto/nrf_cc312_mbedcrypto/lib/cortex-m33/hard-float/no-interrupts/libnrf_cc312_psa_crypto_0.9.19.a
LOAD /opt/nordic/ncs/v2.7.0/nrfxlib/crypto/nrf_cc312_mbedcrypto/lib/cortex-m33/hard-float/no-interrupts/libnrf_cc312_core_0.9.19.a
LOAD /opt/nordic/ncs/v2.7.0/nrfxlib/crypto/nrf_cc312_mbedcrypto/lib/cortex-m33/hard-float/no-interrupts/libnrf_cc312_legacy_crypto_0.9.19.a
LOAD platform/libplatform_s.a
LOAD secure_fw/partitions/lib/runtime/libtfm_sprt.a
LOAD secure_fw/spm/libtfm_spm.a
LOAD secure_fw/partitions/crypto/libtfm_psa_rot_partition_crypto.a
LOAD platform/libplatform_crypto_keys.a
LOAD secure_fw/partitions/crypto/mbedcrypto/nrf_security_src/libcrypto_service_mbedcrypto.a
LOAD secure_fw/partitions/platform/libtfm_psa_rot_partition_platform.a
LOAD /opt/nordic/ncs/v2.7.0/nrfxlib/crypto/nrf_cc312_mbedcrypto/lib/cortex-m33/hard-float/no-interrupts/libnrf_cc312_psa_crypto_0.9.19.a
LOAD /opt/nordic/ncs/v2.7.0/nrfxlib/crypto/nrf_cc312_mbedcrypto/lib/cortex-m33/hard-float/no-interrupts/libnrf_cc312_core_0.9.19.a
LOAD /opt/nordic/ncs/v2.7.0/nrfxlib/crypto/nrf_cc312_mbedcrypto/lib/cortex-m33/hard-float/no-interrupts/libnrf_cc312_legacy_crypto_0.9.19.a
LOAD /opt/nordic/ncs/toolchains/f8037e9b83/opt/zephyr-sdk/arm-zephyr-eabi/bin/../lib/gcc/arm-zephyr-eabi/12.2.0/../../../../arm-zephyr-eabi/lib/thumb/v8-m.main+fp/hard/libc_nano.a
LOAD /opt/nordic/ncs/v2.7.0/nrfxlib/crypto/nrf_oberon/lib/cortex-m33/hard-float/liboberon_mbedtls_3.0.15.a
LOAD /opt/nordic/ncs/v2.7.0/nrfxlib/crypto/nrf_oberon/lib/cortex-m33/hard-float/liboberon_3.0.15.a
LOAD /opt/nordic/ncs/v2.7.0/nrfxlib/crypto/nrf_cc312_platform/lib/cortex-m33/hard-float/no-interrupts/libnrf_cc312_platform_0.9.19.a
LOAD secure_fw/partitions/crypto/mbedcrypto/nrf_security_src/libmbedcrypto_base.a
START GROUP
LOAD /opt/nordic/ncs/toolchains/f8037e9b83/opt/zephyr-sdk/arm-zephyr-eabi/bin/../lib/gcc/arm-zephyr-eabi/12.2.0/thumb/v8-m.main+fp/hard/libgcc.a
LOAD /opt/nordic/ncs/toolchains/f8037e9b83/opt/zephyr-sdk/arm-zephyr-eabi/bin/../lib/gcc/arm-zephyr-eabi/12.2.0/../../../../arm-zephyr-eabi/lib/thumb/v8-m.main+fp/hard/libg_nano.a
LOAD /opt/nordic/ncs/toolchains/f8037e9b83/opt/zephyr-sdk/arm-zephyr-eabi/bin/../lib/gcc/arm-zephyr-eabi/12.2.0/../../../../arm-zephyr-eabi/lib/thumb/v8-m.main+fp/hard/libc_nano.a
END GROUP
START GROUP
LOAD /opt/nordic/ncs/toolchains/f8037e9b83/opt/zephyr-sdk/arm-zephyr-eabi/bin/../lib/gcc/arm-zephyr-eabi/12.2.0/thumb/v8-m.main+fp/hard/libgcc.a
LOAD /opt/nordic/ncs/toolchains/f8037e9b83/opt/zephyr-sdk/arm-zephyr-eabi/bin/../lib/gcc/arm-zephyr-eabi/12.2.0/../../../../arm-zephyr-eabi/lib/thumb/v8-m.main+fp/hard/libc_nano.a
END GROUP
LOAD /opt/nordic/ncs/toolchains/f8037e9b83/opt/zephyr-sdk/arm-zephyr-eabi/bin/../lib/gcc/arm-zephyr-eabi/12.2.0/thumb/v8-m.main+fp/hard/crtend.o
LOAD /opt/nordic/ncs/toolchains/f8037e9b83/opt/zephyr-sdk/arm-zephyr-eabi/bin/../lib/gcc/arm-zephyr-eabi/12.2.0/thumb/v8-m.main+fp/hard/crtn.o
                0x0000000000000800                __msp_stack_size__ = 0x800
START GROUP
LOAD /opt/nordic/ncs/toolchains/f8037e9b83/opt/zephyr-sdk/arm-zephyr-eabi/bin/../lib/gcc/arm-zephyr-eabi/12.2.0/thumb/v8-m.main+fp/hard/libgcc.a
LOAD /opt/nordic/ncs/toolchains/f8037e9b83/opt/zephyr-sdk/arm-zephyr-eabi/bin/../lib/gcc/arm-zephyr-eabi/12.2.0/../../../../arm-zephyr-eabi/lib/thumb/v8-m.main+fp/hard/libc.a
LOAD /opt/nordic/ncs/toolchains/f8037e9b83/opt/zephyr-sdk/arm-zephyr-eabi/bin/../lib/gcc/arm-zephyr-eabi/12.2.0/../../../../arm-zephyr-eabi/lib/thumb/v8-m.main+fp/hard/libm.a
LOAD /opt/nordic/ncs/toolchains/f8037e9b83/opt/zephyr-sdk/arm-zephyr-eabi/bin/../lib/gcc/arm-zephyr-eabi/12.2.0/../../../../arm-zephyr-eabi/lib/thumb/v8-m.main+fp/hard/libnosys.a
LOAD /opt/nordic/ncs/toolchains/f8037e9b83/opt/zephyr-sdk/arm-zephyr-eabi/bin/../lib/gcc/arm-zephyr-eabi/12.2.0/../../../../arm-zephyr-eabi/lib/thumb/v8-m.main+fp/hard/libc_nano.a
END GROUP

.TFM_VECTORS    0x0000000000010200      0x154
                0x0000000000010200                __vectors_start__ = .
 *(.vectors)
 .vectors       0x0000000000010200      0x154 secure_fw/CMakeFiles/tfm_s.dir/__/platform/ext/target/nordic_nrf/common/core/startup_nrf5340.o
                0x0000000000010200                __Vectors
                0x0000000000010354                . = ALIGN (0x4)
                0x0000000000010354                __vectors_end__ = .
                0x0000000000000001                ASSERT ((. <= (ADDR (.TFM_VECTORS) + 0x154)), .TFM_VECTORS section size overflow.)
                0x0000000000010354                . = (ADDR (.TFM_VECTORS) + 0x154)

.TFM_SP_LOAD_LIST
                0x0000000000010354       0xbc
 *(.part_load_priority_00)
 .part_load_priority_00
                0x0000000000010354       0x30 secure_fw/CMakeFiles/tfm_s.dir/partitions/ns_agent_tz/load_info_ns_agent_tz.o
                0x0000000000010354                tfm_sp_ns_agent_tz_load
 *(.part_load_priority_01)
 *(.part_load_priority_02)
 .part_load_priority_02
                0x0000000000010384       0x48 secure_fw/CMakeFiles/tfm_s.dir/__/generated/secure_fw/partitions/crypto/auto_generated/load_info_tfm_crypto.o
                0x0000000000010384                tfm_sp_crypto_load
 .part_load_priority_02
                0x00000000000103cc       0x44 secure_fw/CMakeFiles/tfm_s.dir/__/generated/secure_fw/partitions/platform/auto_generated/load_info_tfm_platform.o
                0x00000000000103cc                tfm_sp_platform_load
 *(.part_load_priority_03)
                0x0000000000010354                Image$$TFM_SP_LOAD_LIST$$RO$$Base = ADDR (.TFM_SP_LOAD_LIST)
                0x0000000000010410                Image$$TFM_SP_LOAD_LIST$$RO$$Limit = (ADDR (.TFM_SP_LOAD_LIST) + SIZEOF (.TFM_SP_LOAD_LIST))
                0x0000000000010420                . = ALIGN (0x20)
                0x0000000000010420                Image$$TFM_PSA_CODE_START$$Base = .

.TFM_PSA_ROT_LINKER
                0x0000000000010420      0x900
 *tfm_psa_rot_partition*:(SORT_BY_ALIGNMENT(.text*))
 .text.tfm_crypto_set_scratch_owner
                0x0000000000010420       0x24 secure_fw/partitions/crypto/libtfm_psa_rot_partition_crypto.a(crypto_init.o)
 .text.tfm_crypto_get_scratch_owner
                0x0000000000010444       0x24 secure_fw/partitions/crypto/libtfm_psa_rot_partition_crypto.a(crypto_init.o)
 .text.tfm_crypto_alloc_scratch
                0x0000000000010468       0x5c secure_fw/partitions/crypto/libtfm_psa_rot_partition_crypto.a(crypto_init.o)
 .text.tfm_crypto_clear_scratch
                0x00000000000104c4       0x2c secure_fw/partitions/crypto/libtfm_psa_rot_partition_crypto.a(crypto_init.o)
 .text.tfm_crypto_api_dispatcher
                0x00000000000104f0      0x168 secure_fw/partitions/crypto/libtfm_psa_rot_partition_crypto.a(crypto_init.o)
                0x00000000000104f0                tfm_crypto_api_dispatcher
 .text.tfm_crypto_init_alloc
                0x0000000000010658       0x18 secure_fw/partitions/crypto/libtfm_psa_rot_partition_crypto.a(crypto_alloc.o)
                0x0000000000010658                tfm_crypto_init_alloc
 .text.tfm_crypto_library_get_info
                0x0000000000010670       0x1c secure_fw/partitions/crypto/libtfm_psa_rot_partition_crypto.a(crypto_library.o)
                0x0000000000010670                tfm_crypto_library_get_info
 .text.tfm_crypto_core_library_init
                0x000000000001068c       0x18 secure_fw/partitions/crypto/libtfm_psa_rot_partition_crypto.a(crypto_library.o)
                0x000000000001068c                tfm_crypto_core_library_init
 .text.tfm_crypto_set_caller_id
                0x00000000000106a4       0x16 secure_fw/partitions/crypto/libtfm_psa_rot_partition_crypto.a(crypto_init.o)
 .text.tfm_crypto_get_caller_id
                0x00000000000106ba       0x18 secure_fw/partitions/crypto/libtfm_psa_rot_partition_crypto.a(crypto_init.o)
                0x00000000000106ba                tfm_crypto_get_caller_id
 .text.tfm_crypto_init_iovecs
                0x00000000000106d2       0xe2 secure_fw/partitions/crypto/libtfm_psa_rot_partition_crypto.a(crypto_init.o)
 .text.tfm_crypto_call_srv
                0x00000000000107b4      0x168 secure_fw/partitions/crypto/libtfm_psa_rot_partition_crypto.a(crypto_init.o)
 .text.tfm_crypto_engine_init
                0x000000000001091c       0x34 secure_fw/partitions/crypto/libtfm_psa_rot_partition_crypto.a(crypto_init.o)
 .text.tfm_crypto_module_init
                0x0000000000010950        0xe secure_fw/partitions/crypto/libtfm_psa_rot_partition_crypto.a(crypto_init.o)
 .text.tfm_crypto_init
                0x000000000001095e       0x30 secure_fw/partitions/crypto/libtfm_psa_rot_partition_crypto.a(crypto_init.o)
                0x000000000001095e                tfm_crypto_init
 .text.tfm_crypto_sfn
                0x000000000001098e       0x26 secure_fw/partitions/crypto/libtfm_psa_rot_partition_crypto.a(crypto_init.o)
                0x000000000001098e                tfm_crypto_sfn
 .text.tfm_crypto_cipher_interface
                0x00000000000109b4       0x1c secure_fw/partitions/crypto/libtfm_psa_rot_partition_crypto.a(crypto_cipher.o)
                0x00000000000109b4                tfm_crypto_cipher_interface
 .text.tfm_crypto_hash_interface
                0x00000000000109d0       0x1a secure_fw/partitions/crypto/libtfm_psa_rot_partition_crypto.a(crypto_hash.o)
                0x00000000000109d0                tfm_crypto_hash_interface
 .text.tfm_crypto_mac_interface
                0x00000000000109ea       0x1c secure_fw/partitions/crypto/libtfm_psa_rot_partition_crypto.a(crypto_mac.o)
                0x00000000000109ea                tfm_crypto_mac_interface
 .text.tfm_crypto_aead_interface
                0x0000000000010a06       0x1c secure_fw/partitions/crypto/libtfm_psa_rot_partition_crypto.a(crypto_aead.o)
                0x0000000000010a06                tfm_crypto_aead_interface
 .text.tfm_crypto_asymmetric_sign_interface
                0x0000000000010a22       0x1c secure_fw/partitions/crypto/libtfm_psa_rot_partition_crypto.a(crypto_asymmetric.o)
                0x0000000000010a22                tfm_crypto_asymmetric_sign_interface
 .text.tfm_crypto_asymmetric_encrypt_interface
                0x0000000000010a3e       0x1c secure_fw/partitions/crypto/libtfm_psa_rot_partition_crypto.a(crypto_asymmetric.o)
                0x0000000000010a3e                tfm_crypto_asymmetric_encrypt_interface
 .text.tfm_crypto_key_derivation_interface
                0x0000000000010a5a       0x1c secure_fw/partitions/crypto/libtfm_psa_rot_partition_crypto.a(crypto_key_derivation.o)
                0x0000000000010a5a                tfm_crypto_key_derivation_interface
 .text.tfm_crypto_key_management_interface
                0x0000000000010a76       0x1c secure_fw/partitions/crypto/libtfm_psa_rot_partition_crypto.a(crypto_key_management.o)
                0x0000000000010a76                tfm_crypto_key_management_interface
 .text.tfm_crypto_random_interface
                0x0000000000010a92       0x28 secure_fw/partitions/crypto/libtfm_psa_rot_partition_crypto.a(crypto_rng.o)
                0x0000000000010a92                tfm_crypto_random_interface
 .text.tfm_crypto_pake_interface
                0x0000000000010aba       0x1c secure_fw/partitions/crypto/libtfm_psa_rot_partition_crypto.a(crypto_pake.o)
                0x0000000000010aba                tfm_crypto_pake_interface
 .text.platform_sp_system_reset
                0x0000000000010ad6        0xe secure_fw/partitions/platform/libtfm_psa_rot_partition_platform.a(platform_sp.o)
                0x0000000000010ad6                platform_sp_system_reset
 .text.platform_sp_system_reset_psa_api
                0x0000000000010ae4       0x16 secure_fw/partitions/platform/libtfm_psa_rot_partition_platform.a(platform_sp.o)
 .text.platform_sp_ioctl_psa_api
                0x0000000000010afa      0x1bc secure_fw/partitions/platform/libtfm_psa_rot_partition_platform.a(platform_sp.o)
 .text.tfm_platform_service_sfn
                0x0000000000010cb6       0x3c secure_fw/partitions/platform/libtfm_psa_rot_partition_platform.a(platform_sp.o)
                0x0000000000010cb6                tfm_platform_service_sfn
 .text.platform_sp_init
                0x0000000000010cf2       0x10 secure_fw/partitions/platform/libtfm_psa_rot_partition_platform.a(platform_sp.o)
                0x0000000000010cf2                platform_sp_init
 *tfm_psa_rot_partition*:(SORT_BY_ALIGNMENT(.rodata*))
 *fill*         0x0000000000010d02        0x2 
 .rodata        0x0000000000010d04        0xf secure_fw/partitions/crypto/libtfm_psa_rot_partition_crypto.a(crypto_library.o)
 *(TFM_*_PSA-ROT_ATTR_FN)
                0x0000000000010d20                . = ALIGN (0x20)
 *fill*         0x0000000000010d13        0xd 
                0x0000000000010420                Image$$TFM_PSA_ROT_LINKER$$RO$$Base = ADDR (.TFM_PSA_ROT_LINKER)
                0x0000000000010d20                Image$$TFM_PSA_ROT_LINKER$$RO$$Limit = (ADDR (.TFM_PSA_ROT_LINKER) + SIZEOF (.TFM_PSA_ROT_LINKER))
                0x0000000000010420                Image$$TFM_PSA_ROT_LINKER$$Base = ADDR (.TFM_PSA_ROT_LINKER)
                0x0000000000010d20                Image$$TFM_PSA_ROT_LINKER$$Limit = (ADDR (.TFM_PSA_ROT_LINKER) + SIZEOF (.TFM_PSA_ROT_LINKER))
                0x0000000000010d20                Image$$TFM_PSA_CODE_END$$Base = .
                0x0000000000010d20                Image$$TFM_APP_CODE_START$$Base = .

.TFM_APP_ROT_LINKER
                0x0000000000010d20        0x0
 *tfm_app_rot_partition*:(SORT_BY_ALIGNMENT(.text*))
 *tfm_app_rot_partition*:(SORT_BY_ALIGNMENT(.rodata*))
 *(TFM_*_APP-ROT_ATTR_FN)
                0x0000000000010d20                . = ALIGN (0x20)
                0x0000000000010d20                Image$$TFM_APP_ROT_LINKER$$RO$$Base = ADDR (.TFM_APP_ROT_LINKER)
                0x0000000000010d20                Image$$TFM_APP_ROT_LINKER$$RO$$Limit = (ADDR (.TFM_APP_ROT_LINKER) + SIZEOF (.TFM_APP_ROT_LINKER))
                0x0000000000010d20                Image$$TFM_APP_ROT_LINKER$$Base = ADDR (.TFM_APP_ROT_LINKER)
                0x0000000000010d20                Image$$TFM_APP_ROT_LINKER$$Limit = (ADDR (.TFM_APP_ROT_LINKER) + SIZEOF (.TFM_APP_ROT_LINKER))
                0x0000000000010d20                Image$$TFM_APP_CODE_END$$Base = .

.ARM.extab
 *(.ARM.extab* .gnu.linkonce.armextab.*)
                0x0000000000010d20                __exidx_start = .

.ARM.exidx      0x0000000000010d20        0x8
 *(.ARM.exidx* .gnu.linkonce.armexidx.*)
 .ARM.exidx     0x0000000000010d20        0x8 /opt/nordic/ncs/toolchains/f8037e9b83/opt/zephyr-sdk/arm-zephyr-eabi/bin/../lib/gcc/arm-zephyr-eabi/12.2.0/../../../../arm-zephyr-eabi/lib/thumb/v8-m.main+fp/hard/crt0.o
                                         0x10 (size before relaxing)
                0x0000000000010d28                __exidx_end = .

.ER_TFM_CODE    0x0000000000010d28     0x4de4
                0x0000000000010d28                . = ALIGN (0x4)
                0x0000000000010d28                __copy_table_start__ = .
                0x0000000000010d28        0x4 LONG 0x1bc40 LOADADDR (.TFM_DATA)
                0x0000000000010d2c        0x4 LONG 0x20004140 ADDR (.TFM_DATA)
                0x0000000000010d30        0x4 LONG 0x45 (SIZEOF (.TFM_DATA) / 0x4)
                0x0000000000010d34        0x4 LONG 0x1bc40 LOADADDR (.TFM_PSA_ROT_LINKER_DATA)
                0x0000000000010d38        0x4 LONG 0x20003c20 ADDR (.TFM_PSA_ROT_LINKER_DATA)
                0x0000000000010d3c        0x4 LONG 0x0 (SIZEOF (.TFM_PSA_ROT_LINKER_DATA) / 0x4)
                0x0000000000010d40        0x4 LONG 0x1bc40 LOADADDR (.TFM_APP_ROT_LINKER_DATA)
                0x0000000000010d44        0x4 LONG 0x20003c00 ADDR (.TFM_APP_ROT_LINKER_DATA)
                0x0000000000010d48        0x4 LONG 0x0 (SIZEOF (.TFM_APP_ROT_LINKER_DATA) / 0x4)
                0x0000000000010d4c                __copy_table_end__ = .
                0x0000000000010d4c                . = ALIGN (0x4)
                0x0000000000010d4c                __zero_table_start__ = .
                0x0000000000010d4c        0x4 LONG 0x20004254 ADDR (.TFM_BSS)
                0x0000000000010d50        0x4 LONG 0x5b1 (SIZEOF (.TFM_BSS) / 0x4)
                0x0000000000010d54        0x4 LONG 0x20003c20 ADDR (.TFM_PSA_ROT_LINKER_BSS)
                0x0000000000010d58        0x4 LONG 0x148 (SIZEOF (.TFM_PSA_ROT_LINKER_BSS) / 0x4)
                0x0000000000010d5c        0x4 LONG 0x20003c00 ADDR (.TFM_APP_ROT_LINKER_BSS)
                0x0000000000010d60        0x4 LONG 0x8 (SIZEOF (.TFM_APP_ROT_LINKER_BSS) / 0x4)
                0x0000000000010d64                __zero_table_end__ = .
 *startup*(.text*)
 .text.ARM_MPU_Disable
                0x0000000000010d64       0x40 secure_fw/CMakeFiles/tfm_s.dir/__/platform/ext/target/nordic_nrf/common/core/startup.o
 .text.default_irq_handler
                0x0000000000010da4        0xc secure_fw/CMakeFiles/tfm_s.dir/__/platform/ext/target/nordic_nrf/common/core/startup.o
                0x0000000000010da4                default_irq_handler
 .text.Reset_Handler
                0x0000000000010db0      0x12c secure_fw/CMakeFiles/tfm_s.dir/__/platform/ext/target/nordic_nrf/common/core/startup.o
                0x0000000000010db0                Reset_Handler
 .text.default_tfm_IRQHandler
                0x0000000000010edc       0x1e secure_fw/CMakeFiles/tfm_s.dir/__/platform/ext/target/nordic_nrf/common/core/startup_nrf5340.o
                0x0000000000010edc                PDM0_IRQHandler
                0x0000000000010edc                DebugMon_Handler
                0x0000000000010edc                SPIM4_IRQHandler
                0x0000000000010edc                RTC0_IRQHandler
                0x0000000000010edc                SERIAL1_IRQHandler
                0x0000000000010edc                SysTick_Handler
                0x0000000000010edc                PWM1_IRQHandler
                0x0000000000010edc                SERIAL3_IRQHandler
                0x0000000000010edc                PendSV_Handler
                0x0000000000010edc                NMI_Handler
                0x0000000000010edc                WDT0_IRQHandler
                0x0000000000010edc                I2S0_IRQHandler
                0x0000000000010edc                default_tfm_IRQHandler
                0x0000000000010edc                IPC_IRQHandler
                0x0000000000010edc                SERIAL2_IRQHandler
                0x0000000000010edc                PWM3_IRQHandler
                0x0000000000010edc                QDEC1_IRQHandler
                0x0000000000010edc                FPU_IRQHandler
                0x0000000000010edc                USBD_IRQHandler
                0x0000000000010edc                EGU3_IRQHandler
                0x0000000000010edc                KMU_IRQHandler
                0x0000000000010edc                CRYPTOCELL_IRQHandler
                0x0000000000010edc                EGU2_IRQHandler
                0x0000000000010edc                TIMER0_IRQHandler
                0x0000000000010edc                CACHE_IRQHandler
                0x0000000000010edc                EGU4_IRQHandler
                0x0000000000010edc                EGU0_IRQHandler
                0x0000000000010edc                GPIOTE1_IRQHandler
                0x0000000000010edc                TIMER1_IRQHandler
                0x0000000000010edc                PWM2_IRQHandler
                0x0000000000010edc                EGU1_IRQHandler
                0x0000000000010edc                EGU5_IRQHandler
                0x0000000000010edc                SAADC_IRQHandler
                0x0000000000010edc                GPIOTE0_IRQHandler
                0x0000000000010edc                QDEC0_IRQHandler
                0x0000000000010edc                PWM0_IRQHandler
                0x0000000000010edc                RTC1_IRQHandler
                0x0000000000010edc                SERIAL0_IRQHandler
                0x0000000000010edc                USBREGULATOR_IRQHandler
                0x0000000000010edc                NFCT_IRQHandler
                0x0000000000010edc                WDT1_IRQHandler
                0x0000000000010edc                QSPI_IRQHandler
                0x0000000000010edc                COMP_LPCOMP_IRQHandler
                0x0000000000010edc                CLOCK_POWER_IRQHandler
                0x0000000000010edc                TIMER2_IRQHandler
 *libplatform_s*:(SORT_BY_ALIGNMENT(.text*))
 *fill*         0x0000000000010efa        0x2 
 .text.nrf_cleanup_peripheral_interconnect
                0x0000000000010efc       0x14 platform/libplatform_s.a(hw_init.o)
 .text.hw_init_nrf_peripherals
                0x0000000000010f10       0x38 platform/libplatform_s.a(hw_init.o)
 .text.hw_init_reset_on_boot
                0x0000000000010f48       0x84 platform/libplatform_s.a(hw_init.o)
                0x0000000000010f48                hw_init_reset_on_boot
 .text.__NVIC_SystemReset
                0x0000000000010fcc       0x2c platform/libplatform_s.a(system_nrf5340_application.o)
 .text.nrf53_errata_42
                0x0000000000010ff8       0x64 platform/libplatform_s.a(system_nrf5340_application.o)
 .text.nrf53_errata_46
                0x000000000001105c       0x64 platform/libplatform_s.a(system_nrf5340_application.o)
 .text.nrf53_errata_49
                0x00000000000110c0       0x64 platform/libplatform_s.a(system_nrf5340_application.o)
 .text.nrf53_errata_55
                0x0000000000011124       0x64 platform/libplatform_s.a(system_nrf5340_application.o)
 .text.nrf53_errata_64
                0x0000000000011188       0x64 platform/libplatform_s.a(system_nrf5340_application.o)
 .text.nrf53_errata_69
                0x00000000000111ec       0x64 platform/libplatform_s.a(system_nrf5340_application.o)
 .text.nrf53_errata_97
                0x0000000000011250       0x64 platform/libplatform_s.a(system_nrf5340_application.o)
 .text.nrf53_errata_140
                0x00000000000112b4       0x64 platform/libplatform_s.a(system_nrf5340_application.o)
 .text.nrf53_errata_160
                0x0000000000011318       0x64 platform/libplatform_s.a(system_nrf5340_application.o)
 .text.nrf53_handle_approtect
                0x000000000001137c       0x2c platform/libplatform_s.a(system_nrf5340_application.o)
 .text.SystemInit
                0x00000000000113a8      0x288 platform/libplatform_s.a(system_nrf5340_application.o)
                0x00000000000113a8                SystemInit
 .text.dump_error
                0x0000000000011630       0x5c platform/libplatform_s.a(exception_info.o)
 .text.tfm_exception_info_get_context
                0x000000000001168c       0x20 platform/libplatform_s.a(exception_info.o)
                0x000000000001168c                tfm_exception_info_get_context
 .text.store_and_dump_context
                0x00000000000116ac      0x100 platform/libplatform_s.a(exception_info.o)
                0x00000000000116ac                store_and_dump_context
 .text.mpu_armv8m_enable
                0x00000000000117ac       0x60 platform/libplatform_s.a(mpu_armv8m_drv.o)
                0x00000000000117ac                mpu_armv8m_enable
 .text.nrf_spu_flashnsc_set
                0x000000000001180c       0xb0 platform/libplatform_s.a(spu.o)
 .text.nrf_spu_flashregion_set
                0x00000000000118bc       0x74 platform/libplatform_s.a(spu.o)
 .text.nrf_spu_ramregion_set
                0x0000000000011930       0x74 platform/libplatform_s.a(spu.o)
 .text.nrf_spu_peripheral_set
                0x00000000000119a4       0xa8 platform/libplatform_s.a(spu.o)
 .text.spu_enable_interrupts
                0x0000000000011a4c       0x54 platform/libplatform_s.a(spu.o)
                0x0000000000011a4c                spu_enable_interrupts
 .text.spu_events_get
                0x0000000000011aa0       0x8c platform/libplatform_s.a(spu.o)
                0x0000000000011aa0                spu_events_get
 .text.spu_clear_events
                0x0000000000011b2c       0x5c platform/libplatform_s.a(spu.o)
                0x0000000000011b2c                spu_clear_events
 .text.spu_regions_reset_unlocked_secure
                0x0000000000011b88       0x8c platform/libplatform_s.a(spu.o)
                0x0000000000011b88                spu_regions_reset_unlocked_secure
 .text.spu_regions_flash_config
                0x0000000000011c14       0x54 platform/libplatform_s.a(spu.o)
                0x0000000000011c14                spu_regions_flash_config
 .text.spu_regions_sram_config
                0x0000000000011c68       0x5c platform/libplatform_s.a(spu.o)
                0x0000000000011c68                spu_regions_sram_config
 .text.spu_regions_flash_config_non_secure_callable
                0x0000000000011cc4       0xcc platform/libplatform_s.a(spu.o)
                0x0000000000011cc4                spu_regions_flash_config_non_secure_callable
 .text.spu_peripheral_config_secure
                0x0000000000011d90       0x5c platform/libplatform_s.a(spu.o)
                0x0000000000011d90                spu_peripheral_config_secure
 .text.spu_peripheral_config_non_secure
                0x0000000000011dec       0x5c platform/libplatform_s.a(spu.o)
                0x0000000000011dec                spu_peripheral_config_non_secure
 .text.nrf_exception_info_store_context
                0x0000000000011e48       0x1c platform/libplatform_s.a(nrf_exception_info.o)
                0x0000000000011e48                nrf_exception_info_store_context
 .text.nrf_exception_info_get_context
                0x0000000000011e64       0x20 platform/libplatform_s.a(nrf_exception_info.o)
                0x0000000000011e64                nrf_exception_info_get_context
 .text.allow_nonsecure_reset
                0x0000000000011e84       0x3c platform/libplatform_s.a(tfm_hal_platform.o)
 .text.ns_fault_service_set_handler
                0x0000000000011ec0       0x2c platform/libplatform_s.a(ns_fault_service.o)
                0x0000000000011ec0                ns_fault_service_set_handler
 .text.call_ns_callback
                0x0000000000011eec      0x1a4 platform/libplatform_s.a(ns_fault_service.o)
                0x0000000000011eec                call_ns_callback
 .text.ns_fault_service_call_handler
                0x0000000000012090       0x68 platform/libplatform_s.a(ns_fault_service.o)
                0x0000000000012090                ns_fault_service_call_handler
 .text.__NVIC_SystemReset
                0x00000000000120f8       0x2c platform/libplatform_s.a(tfm_platform_system.o)
 .text.nrf_gpio_pin_port_decode
                0x0000000000012124       0x78 platform/libplatform_s.a(tfm_platform_hal_ioctl.o)
 .text.tfm_platform_hal_read_service
                0x000000000001219c       0xe4 platform/libplatform_s.a(tfm_platform_hal_ioctl.o)
                0x000000000001219c                tfm_platform_hal_read_service
 .text.nrf_rtc_int_disable
                0x0000000000012280       0x1e platform/libplatform_s.a(hw_init.o)
 .text.nrf_rtc_task_trigger
                0x000000000001229e       0x24 platform/libplatform_s.a(hw_init.o)
 .text.nrf_rtc_event_disable
                0x00000000000122c2       0x1e platform/libplatform_s.a(hw_init.o)
 .text.nrf_uarte_int_disable
                0x00000000000122e0       0x1e platform/libplatform_s.a(hw_init.o)
 .text.nrf_uarte_disable
                0x00000000000122fe       0x1c platform/libplatform_s.a(hw_init.o)
 .text.nrf_clock_int_disable
                0x000000000001231a       0x1e platform/libplatform_s.a(hw_init.o)
 .text.nrf_dppi_channels_disable_all
                0x0000000000012338       0x1e platform/libplatform_s.a(hw_init.o)
 .text.nrf_cleanup_rtc
                0x0000000000012356       0x2c platform/libplatform_s.a(hw_init.o)
 .text.nrf_cleanup_uarte
                0x0000000000012382       0x3e platform/libplatform_s.a(hw_init.o)
 .text.nrf_cleanup_clock
                0x00000000000123c0       0x14 platform/libplatform_s.a(hw_init.o)
 .text.is_return_secure_stack
                0x00000000000123d4       0x26 platform/libplatform_s.a(exception_info.o)
 .text.is_return_thread_mode
                0x00000000000123fa       0x24 platform/libplatform_s.a(exception_info.o)
 .text.is_return_psp
                0x000000000001241e       0x32 platform/libplatform_s.a(exception_info.o)
 .text.get_exception_frame
                0x0000000000012450       0x50 platform/libplatform_s.a(exception_info.o)
 .text.dump_exception_info
                0x00000000000124a0       0x28 platform/libplatform_s.a(exception_info.o)
 .text.mpu_armv8m_region_enable
                0x00000000000124c8       0xda platform/libplatform_s.a(mpu_armv8m_drv.o)
                0x00000000000124c8                mpu_armv8m_region_enable
 .text.mpu_armv8m_region_disable
                0x00000000000125a2       0x48 platform/libplatform_s.a(mpu_armv8m_drv.o)
                0x00000000000125a2                mpu_armv8m_region_disable
 .text.mpu_armv8m_clean
                0x00000000000125ea       0x3e platform/libplatform_s.a(mpu_armv8m_drv.o)
                0x00000000000125ea                mpu_armv8m_clean
 .text.nrf_event_readback
                0x0000000000012628       0x18 platform/libplatform_s.a(spu.o)
 .text.nrf_event_check
                0x0000000000012640       0x28 platform/libplatform_s.a(spu.o)
 .text.nrf_spu_event_clear
                0x0000000000012668       0x2a platform/libplatform_s.a(spu.o)
 .text.nrf_spu_event_check
                0x0000000000012692       0x20 platform/libplatform_s.a(spu.o)
 .text.nrf_spu_int_enable
                0x00000000000126b2       0x1e platform/libplatform_s.a(spu.o)
 .text.spu_region_is_sram_region_in_address_range
                0x00000000000126d0       0x4a platform/libplatform_s.a(spu.o)
 .text.spu_region_is_pcd_region
                0x000000000001271a       0x46 platform/libplatform_s.a(spu.o)
 .text.spu_region_is_flash_region_in_address_range
                0x0000000000012760       0x42 platform/libplatform_s.a(spu.o)
 .text.spu_region_is_bootloader_region
                0x00000000000127a2       0x44 platform/libplatform_s.a(spu.o)
 .text.spu_regions_flash_get_base_address_in_region
                0x00000000000127e6       0x18 platform/libplatform_s.a(spu.o)
                0x00000000000127e6                spu_regions_flash_get_base_address_in_region
 .text.spu_regions_flash_get_last_address_in_region
                0x00000000000127fe       0x1c platform/libplatform_s.a(spu.o)
                0x00000000000127fe                spu_regions_flash_get_last_address_in_region
 .text.spu_regions_flash_get_start_id
                0x000000000001281a       0x10 platform/libplatform_s.a(spu.o)
                0x000000000001281a                spu_regions_flash_get_start_id
 .text.spu_regions_flash_get_last_id
                0x000000000001282a       0x10 platform/libplatform_s.a(spu.o)
                0x000000000001282a                spu_regions_flash_get_last_id
 .text.spu_regions_flash_get_region_size
                0x000000000001283a       0x12 platform/libplatform_s.a(spu.o)
                0x000000000001283a                spu_regions_flash_get_region_size
 .text.spu_regions_sram_get_base_address_in_region
                0x000000000001284c       0x1e platform/libplatform_s.a(spu.o)
                0x000000000001284c                spu_regions_sram_get_base_address_in_region
 .text.spu_regions_sram_get_last_address_in_region
                0x000000000001286a       0x20 platform/libplatform_s.a(spu.o)
                0x000000000001286a                spu_regions_sram_get_last_address_in_region
 .text.spu_regions_sram_get_start_id
                0x000000000001288a       0x10 platform/libplatform_s.a(spu.o)
                0x000000000001288a                spu_regions_sram_get_start_id
 .text.spu_regions_sram_get_last_id
                0x000000000001289a       0x10 platform/libplatform_s.a(spu.o)
                0x000000000001289a                spu_regions_sram_get_last_id
 .text.spu_regions_sram_get_region_size
                0x00000000000128aa       0x12 platform/libplatform_s.a(spu.o)
                0x00000000000128aa                spu_regions_sram_get_region_size
 .text.dump_exception_info
                0x00000000000128bc       0x14 platform/libplatform_s.a(nrf_exception_info.o)
 .text.crypto_platform_init
                0x00000000000128d0       0x26 platform/libplatform_s.a(tfm_hal_platform.o)
 .text.log_pin_security_configuration
                0x00000000000128f6        0xe platform/libplatform_s.a(tfm_hal_platform.o)
 .text.tfm_hal_platform_init
                0x0000000000012904       0x38 platform/libplatform_s.a(tfm_hal_platform.o)
                0x0000000000012904                tfm_hal_platform_init
 .text.tfm_plat_otp_init
                0x000000000001293c       0x10 platform/libplatform_s.a(dummy_otp.o)
                0x000000000001293c                tfm_plat_otp_init
 .text.tfm_hal_system_halt
                0x000000000001294c       0x10 platform/libplatform_s.a(tfm_hal_reset_halt.o)
                0x000000000001294c                tfm_hal_system_halt
 .text.tfm_plat_provisioning_is_required
                0x000000000001295c       0x10 platform/libplatform_s.a(dummy_provisioning.o)
                0x000000000001295c                tfm_plat_provisioning_is_required
 .text.tfm_plat_provisioning_perform
                0x000000000001296c       0x10 platform/libplatform_s.a(dummy_provisioning.o)
                0x000000000001296c                tfm_plat_provisioning_perform
 .text.tfm_plat_provisioning_check_for_dummy_keys
                0x000000000001297c        0xe platform/libplatform_s.a(dummy_provisioning.o)
                0x000000000001297c                tfm_plat_provisioning_check_for_dummy_keys
 .text.is_return_secure_stack
                0x000000000001298a       0x26 platform/libplatform_s.a(ns_fault_service.o)
 .text.tfm_platform_hal_system_reset
                0x00000000000129b0        0x8 platform/libplatform_s.a(tfm_platform_system.o)
                0x00000000000129b0                tfm_platform_hal_system_reset
 .text.tfm_platform_hal_ns_fault_service
                0x00000000000129b8       0xac platform/libplatform_s.a(tfm_platform_system.o)
 .text.tfm_platform_hal_ioctl
                0x0000000000012a64       0x54 platform/libplatform_s.a(tfm_platform_system.o)
                0x0000000000012a64                tfm_platform_hal_ioctl
 .text.nrf_gpio_pin_control_select
                0x0000000000012ab8       0x40 platform/libplatform_s.a(tfm_platform_hal_ioctl.o)
 .text.nrf_gpio_pin_present_check
                0x0000000000012af8       0x5e platform/libplatform_s.a(tfm_platform_hal_ioctl.o)
 .text.nrf_gpio_pin_port_number_extract
                0x0000000000012b56       0x28 platform/libplatform_s.a(tfm_platform_hal_ioctl.o)
 .text.valid_mcu_select
                0x0000000000012b7e       0x44 platform/libplatform_s.a(tfm_platform_hal_ioctl.o)
 .text.gpio_service_mcu_select
                0x0000000000012bc2       0x4a platform/libplatform_s.a(tfm_platform_hal_ioctl.o)
 .text.tfm_platform_hal_gpio_service
                0x0000000000012c0c       0x56 platform/libplatform_s.a(tfm_platform_hal_ioctl.o)
                0x0000000000012c0c                tfm_platform_hal_gpio_service
 *libtfm_spm*:(SORT_BY_ALIGNMENT(.text*))
 *fill*         0x0000000000012c62        0x2 
 .text.tfm_core_init
                0x0000000000012c64       0x80 secure_fw/spm/libtfm_spm.a(main.o)
 .text.main     0x0000000000012ce4       0x3c secure_fw/spm/libtfm_spm.a(main.o)
                0x0000000000012ce4                main
 .text.spm_associate_call_params
                0x0000000000012d20      0x2d4 secure_fw/spm/libtfm_spm.a(psa_call_api.o)
                0x0000000000012d20                spm_associate_call_params
 .text.tfm_spm_partition_psa_read
                0x0000000000012ff4       0xe0 secure_fw/spm/libtfm_spm.a(psa_read_write_skip_api.o)
                0x0000000000012ff4                tfm_spm_partition_psa_read
 .text.tfm_spm_partition_psa_write
                0x00000000000130d4       0xd4 secure_fw/spm/libtfm_spm.a(psa_read_write_skip_api.o)
                0x00000000000130d4                tfm_spm_partition_psa_write
 .text.backend_messaging
                0x00000000000131a8       0x9c secure_fw/spm/libtfm_spm.a(backend_sfn.o)
                0x00000000000131a8                backend_messaging
 .text.backend_replying
                0x0000000000013244       0x24 secure_fw/spm/libtfm_spm.a(backend_sfn.o)
                0x0000000000013244                backend_replying
 .text.spm_thread_fn
                0x0000000000013268       0x84 secure_fw/spm/libtfm_spm.a(backend_sfn.o)
 .text.backend_init_comp_assuredly
                0x00000000000132ec       0x98 secure_fw/spm/libtfm_spm.a(backend_sfn.o)
                0x00000000000132ec                backend_init_comp_assuredly
 .text.tfm_arch_check_msp_sealing
                0x0000000000013384       0x2c secure_fw/spm/libtfm_spm.a(tfm_svcalls.o)
 .text.handle_spm_svc_requests
                0x00000000000133b0       0x50 secure_fw/spm/libtfm_spm.a(tfm_svcalls.o)
 .text.__NVIC_SetPriority
                0x0000000000013400       0x54 secure_fw/spm/libtfm_spm.a(tfm_arch_v8m_main.o)
 .text.SVC_Handler
                0x0000000000013454       0x6c secure_fw/spm/libtfm_spm.a(tfm_arch_v8m_main.o)
                0x0000000000013454                SVC_Handler
 .text.tfm_arch_set_secure_exception_priorities
                0x00000000000134c0       0x68 secure_fw/spm/libtfm_spm.a(tfm_arch_v8m_main.o)
                0x00000000000134c0                tfm_arch_set_secure_exception_priorities
 .text.tfm_arch_config_extensions
                0x0000000000013528       0x6c secure_fw/spm/libtfm_spm.a(tfm_arch_v8m_main.o)
                0x0000000000013528                tfm_arch_config_extensions
 .text.ns_agent_tz_main
                0x0000000000013594       0x60 secure_fw/spm/libtfm_spm.a(ns_agent_tz_v80m.o)
                0x0000000000013594                ns_agent_tz_main
 .text.tfm_hal_bind_boundary
                0x00000000000135f4      0x190 secure_fw/spm/libtfm_spm.a(tfm_hal_isolation.o)
                0x00000000000135f4                tfm_hal_bind_boundary
 .text.mpu_init_cfg
                0x0000000000013784      0x140 secure_fw/spm/libtfm_spm.a(tfm_hal_isolation.o)
                0x0000000000013784                mpu_init_cfg
 .text.tfm_hal_get_ns_VTOR
                0x00000000000138c4       0x18 secure_fw/spm/libtfm_spm.a(tfm_hal_platform_common.o)
                0x00000000000138c4                tfm_hal_get_ns_VTOR
 .text.tfm_hal_get_ns_MSP
                0x00000000000138dc       0x18 secure_fw/spm/libtfm_spm.a(tfm_hal_platform_common.o)
                0x00000000000138dc                tfm_hal_get_ns_MSP
 .text.tfm_hal_get_ns_entry_point
                0x00000000000138f4       0x1c secure_fw/spm/libtfm_spm.a(tfm_hal_platform_common.o)
                0x00000000000138f4                tfm_hal_get_ns_entry_point
 .text.__NVIC_ClearPendingIRQ
                0x0000000000013910       0x3c secure_fw/spm/libtfm_spm.a(faults.o)
 .text.SPU_Handler
                0x000000000001394c       0x2c secure_fw/spm/libtfm_spm.a(faults.o)
                0x000000000001394c                SPU_Handler
 .text.__NVIC_EnableIRQ
                0x0000000000013978       0x3c secure_fw/spm/libtfm_spm.a(target_cfg.o)
 .text.__NVIC_ClearPendingIRQ
                0x00000000000139b4       0x3c secure_fw/spm/libtfm_spm.a(target_cfg.o)
 .text.NVIC_ClearTargetState
                0x00000000000139f0       0x70 secure_fw/spm/libtfm_spm.a(target_cfg.o)
 .text.__NVIC_SetPriority
                0x0000000000013a60       0x54 secure_fw/spm/libtfm_spm.a(target_cfg.o)
 .text.TZ_SAU_Disable
                0x0000000000013ab4       0x20 secure_fw/spm/libtfm_spm.a(target_cfg.o)
 .text.nrf_spu_dppi_config_set
                0x0000000000013ad4       0x6c secure_fw/spm/libtfm_spm.a(target_cfg.o)
 .text.nrf_spu_gpio_config_set
                0x0000000000013b40       0x6c secure_fw/spm/libtfm_spm.a(target_cfg.o)
 .text.nrf_spu_extdomain_set
                0x0000000000013bac       0x78 secure_fw/spm/libtfm_spm.a(target_cfg.o)
 .text.nrf_gpio_pin_port_decode
                0x0000000000013c24       0x78 secure_fw/spm/libtfm_spm.a(target_cfg.o)
 .text.enable_fault_handlers
                0x0000000000013c9c       0x24 secure_fw/spm/libtfm_spm.a(target_cfg.o)
                0x0000000000013c9c                enable_fault_handlers
 .text.system_reset_cfg
                0x0000000000013cc0       0x38 secure_fw/spm/libtfm_spm.a(target_cfg.o)
                0x0000000000013cc0                system_reset_cfg
 .text.init_debug
                0x0000000000013cf8       0x3c secure_fw/spm/libtfm_spm.a(target_cfg.o)
                0x0000000000013cf8                init_debug
 .text.nvic_interrupt_target_state_cfg
                0x0000000000013d34       0x5c secure_fw/spm/libtfm_spm.a(target_cfg.o)
                0x0000000000013d34                nvic_interrupt_target_state_cfg
 .text.nvic_interrupt_enable
                0x0000000000013d90       0x50 secure_fw/spm/libtfm_spm.a(target_cfg.o)
                0x0000000000013d90                nvic_interrupt_enable
 .text.sau_and_idau_cfg
                0x0000000000013de0       0x1c secure_fw/spm/libtfm_spm.a(target_cfg.o)
                0x0000000000013de0                sau_and_idau_cfg
 .text.spu_init_cfg
                0x0000000000013dfc       0xf8 secure_fw/spm/libtfm_spm.a(target_cfg.o)
                0x0000000000013dfc                spu_init_cfg
 .text.dppi_channel_configuration
                0x0000000000013ef4       0x24 secure_fw/spm/libtfm_spm.a(target_cfg.o)
 .text.spu_periph_init_cfg
                0x0000000000013f18       0x98 secure_fw/spm/libtfm_spm.a(target_cfg.o)
                0x0000000000013f18                spu_periph_init_cfg
 .text.tfm_core_check_boot_data_access_policy
                0x0000000000013fb0       0x58 secure_fw/spm/libtfm_spm.a(tfm_boot_data.o)
 .text.tfm_core_validate_boot_data
                0x0000000000014008       0x18 secure_fw/spm/libtfm_spm.a(tfm_boot_data.o)
                0x0000000000014008                tfm_core_validate_boot_data
 .text.tfm_core_get_boot_data_handler
                0x0000000000014020       0xac secure_fw/spm/libtfm_spm.a(tfm_boot_data.o)
                0x0000000000014020                tfm_core_get_boot_data_handler
 .text.arch_seal_thread_stack
                0x00000000000140cc       0x3c secure_fw/spm/libtfm_spm.a(tfm_arch.o)
 .text.tfm_spm_get_service_by_sid
                0x0000000000014108       0x64 secure_fw/spm/libtfm_spm.a(spm_ipc.o)
                0x0000000000014108                tfm_spm_get_service_by_sid
 .text.tfm_spm_check_authorization
                0x000000000001416c       0x98 secure_fw/spm/libtfm_spm.a(spm_ipc.o)
                0x000000000001416c                tfm_spm_check_authorization
 .text.spm_get_connection
                0x0000000000014204       0xdc secure_fw/spm/libtfm_spm.a(spm_ipc.o)
                0x0000000000014204                spm_get_connection
 .text.spm_init_connection
                0x00000000000142e0       0x5c secure_fw/spm/libtfm_spm.a(spm_ipc.o)
                0x00000000000142e0                spm_init_connection
 .text.tfm_spm_partition_get_running_partition_id
                0x000000000001433c       0x38 secure_fw/spm/libtfm_spm.a(spm_ipc.o)
                0x000000000001433c                tfm_spm_partition_get_running_partition_id
 .text.tfm_spm_is_ns_caller
                0x0000000000014374       0x38 secure_fw/spm/libtfm_spm.a(spm_ipc.o)
                0x0000000000014374                tfm_spm_is_ns_caller
 .text.tfm_spm_init
                0x00000000000143ac       0x84 secure_fw/spm/libtfm_spm.a(spm_ipc.o)
                0x00000000000143ac                tfm_spm_init
 .text.tfm_allocate_partition_assuredly
                0x0000000000014430       0x38 secure_fw/spm/libtfm_spm.a(rom_loader.o)
 .text.tfm_allocate_service_assuredly
                0x0000000000014468       0x50 secure_fw/spm/libtfm_spm.a(rom_loader.o)
 .text.load_a_partition_assuredly
                0x00000000000144b8      0x140 secure_fw/spm/libtfm_spm.a(rom_loader.o)
                0x00000000000144b8                load_a_partition_assuredly
 .text.tfm_nspm_ctx_init
                0x00000000000145f8       0x2c secure_fw/spm/libtfm_spm.a(tfm_spm_ns_ctx.o)
                0x00000000000145f8                tfm_nspm_ctx_init
 .text.tfm_core_panic
                0x0000000000014624        0xc secure_fw/spm/libtfm_spm.a(utilities.o)
                0x0000000000014624                tfm_core_panic
 .text.tfm_arch_set_msplim
                0x0000000000014630       0x20 secure_fw/spm/libtfm_spm.a(main.o)
 .text.__save_disable_irq
                0x0000000000014650       0x1c secure_fw/spm/libtfm_spm.a(psa_api.o)
 .text.__restore_irq
                0x000000000001466c       0x1a secure_fw/spm/libtfm_spm.a(psa_api.o)
 .text.spm_handle_programmer_errors
                0x0000000000014686       0x34 secure_fw/spm/libtfm_spm.a(psa_api.o)
                0x0000000000014686                spm_handle_programmer_errors
 .text.tfm_spm_partition_psa_reply
                0x00000000000146ba       0xfe secure_fw/spm/libtfm_spm.a(psa_api.o)
                0x00000000000146ba                tfm_spm_partition_psa_reply
 .text.tfm_spm_partition_psa_panic
                0x00000000000147b8       0x10 secure_fw/spm/libtfm_spm.a(psa_api.o)
                0x00000000000147b8                tfm_spm_partition_psa_panic
 .text.tfm_spm_client_psa_call
                0x00000000000147c8       0x76 secure_fw/spm/libtfm_spm.a(psa_call_api.o)
                0x00000000000147c8                tfm_spm_client_psa_call
 .text.tfm_spm_client_psa_framework_version
                0x000000000001483e       0x12 secure_fw/spm/libtfm_spm.a(psa_version_api.o)
                0x000000000001483e                tfm_spm_client_psa_framework_version
 .text.tfm_spm_client_psa_version
                0x0000000000014850       0x46 secure_fw/spm/libtfm_spm.a(psa_version_api.o)
                0x0000000000014850                tfm_spm_client_psa_version
 .text.backend_system_run
                0x0000000000014896       0x12 secure_fw/spm/libtfm_spm.a(backend_sfn.o)
                0x0000000000014896                backend_system_run
 .text.is_return_secure_stack
                0x00000000000148a8       0x26 secure_fw/spm/libtfm_spm.a(tfm_svcalls.o)
 .text.is_default_stacking_rules_apply
                0x00000000000148ce       0x26 secure_fw/spm/libtfm_spm.a(tfm_svcalls.o)
 .text.spm_svc_handler
                0x00000000000148f4       0xba secure_fw/spm/libtfm_spm.a(tfm_svcalls.o)
                0x00000000000148f4                spm_svc_handler
 .text.tfm_core_handler_mode
                0x00000000000149ae        0x6 secure_fw/spm/libtfm_spm.a(tfm_svcalls.o)
                0x00000000000149ae                tfm_core_handler_mode
 .text.tfm_arch_get_psplim
                0x00000000000149b4       0x1a secure_fw/spm/libtfm_spm.a(spm_local_connection.o)
 .text.tfm_arch_set_psplim
                0x00000000000149ce       0x20 secure_fw/spm/libtfm_spm.a(spm_local_connection.o)
 .text.alloc_conn_from_stack_top
                0x00000000000149ee       0x20 secure_fw/spm/libtfm_spm.a(spm_local_connection.o)
 .text.free_conn_from_stack_top
                0x0000000000014a0e       0x1e secure_fw/spm/libtfm_spm.a(spm_local_connection.o)
 .text.connection_to_handle
                0x0000000000014a2c       0x18 secure_fw/spm/libtfm_spm.a(spm_local_connection.o)
                0x0000000000014a2c                connection_to_handle
 .text.handle_to_connection
                0x0000000000014a44       0x28 secure_fw/spm/libtfm_spm.a(spm_local_connection.o)
                0x0000000000014a44                handle_to_connection
 .text.spm_init_connection_space
                0x0000000000014a6c        0xe secure_fw/spm/libtfm_spm.a(spm_local_connection.o)
                0x0000000000014a6c                spm_init_connection_space
 .text.spm_allocate_connection
                0x0000000000014a7a        0xe secure_fw/spm/libtfm_spm.a(spm_local_connection.o)
                0x0000000000014a7a                spm_allocate_connection
 .text.spm_validate_connection
                0x0000000000014a88       0x16 secure_fw/spm/libtfm_spm.a(spm_local_connection.o)
                0x0000000000014a88                spm_validate_connection
 .text.spm_free_connection
                0x0000000000014a9e       0x14 secure_fw/spm/libtfm_spm.a(spm_local_connection.o)
                0x0000000000014a9e                spm_free_connection
 .text.tfm_arch_clear_fp_data
                0x0000000000014ab2       0x8c secure_fw/spm/libtfm_spm.a(tfm_arch_v8m_main.o)
                0x0000000000014ab2                tfm_arch_clear_fp_data
 .text.tfm_hal_set_up_static_boundaries
                0x0000000000014b3e       0x4c secure_fw/spm/libtfm_spm.a(tfm_hal_isolation.o)
                0x0000000000014b3e                tfm_hal_set_up_static_boundaries
 .text.accessible_to_region
                0x0000000000014b8a      0x196 secure_fw/spm/libtfm_spm.a(tfm_hal_isolation.o)
 .text.tfm_hal_memory_check
                0x0000000000014d20      0x124 secure_fw/spm/libtfm_spm.a(tfm_hal_isolation.o)
                0x0000000000014d20                tfm_hal_memory_check
 .text.tfm_hal_platform_common_init
                0x0000000000014e44       0x74 secure_fw/spm/libtfm_spm.a(tfm_hal_platform_common.o)
                0x0000000000014e44                tfm_hal_platform_common_init
 .text.SPU_IRQHandler
                0x0000000000014eb8       0x1e secure_fw/spm/libtfm_spm.a(faults.o)
                0x0000000000014eb8                SPU_IRQHandler
 .text.nrf_gpio_pin_control_select
                0x0000000000014ed6       0x40 secure_fw/spm/libtfm_spm.a(target_cfg.o)
 .text.nrf_gpio_pin_present_check
                0x0000000000014f16       0x5e secure_fw/spm/libtfm_spm.a(target_cfg.o)
 .text.nrf_gpio_pin_port_number_extract
                0x0000000000014f74       0x28 secure_fw/spm/libtfm_spm.a(target_cfg.o)
 .text.nrf_cache_enable
                0x0000000000014f9c       0x1c secure_fw/spm/libtfm_spm.a(target_cfg.o)
 .text.arch_update_process_sp
                0x0000000000014fb8       0x34 secure_fw/spm/libtfm_spm.a(tfm_arch.o)
 .text.tfm_arch_free_msp_and_exc_ret
                0x0000000000014fec        0xe secure_fw/spm/libtfm_spm.a(tfm_arch.o)
                0x0000000000014fec                tfm_arch_free_msp_and_exc_ret
 .text.tfm_arch_init_context
                0x0000000000014ffa       0x84 secure_fw/spm/libtfm_spm.a(tfm_arch.o)
                0x0000000000014ffa                tfm_arch_init_context
 .text.tfm_arch_refresh_hardware_context
                0x000000000001507e       0x2e secure_fw/spm/libtfm_spm.a(tfm_arch.o)
                0x000000000001507e                tfm_arch_refresh_hardware_context
 .text.__save_disable_irq
                0x00000000000150ac       0x1c secure_fw/spm/libtfm_spm.a(spm_ipc.o)
 .text.__restore_irq
                0x00000000000150c8       0x1a secure_fw/spm/libtfm_spm.a(spm_ipc.o)
 .text.tfm_spm_check_client_version
                0x00000000000150e2       0x66 secure_fw/spm/libtfm_spm.a(spm_ipc.o)
                0x00000000000150e2                tfm_spm_check_client_version
 .text.spm_msg_handle_to_connection
                0x0000000000015148       0x44 secure_fw/spm/libtfm_spm.a(spm_ipc.o)
                0x0000000000015148                spm_msg_handle_to_connection
 .text.tfm_spm_get_client_id
                0x000000000001518c       0x38 secure_fw/spm/libtfm_spm.a(spm_ipc.o)
                0x000000000001518c                tfm_spm_get_client_id
 .text.update_caller_outvec_len
                0x00000000000151c4       0x72 secure_fw/spm/libtfm_spm.a(spm_ipc.o)
                0x00000000000151c4                update_caller_outvec_len
 .text.load_services_assuredly
                0x0000000000015236      0x148 secure_fw/spm/libtfm_spm.a(rom_loader.o)
                0x0000000000015236                load_services_assuredly
 .text.load_irqs_assuredly
                0x000000000001537e       0x14 secure_fw/spm/libtfm_spm.a(rom_loader.o)
                0x000000000001537e                load_irqs_assuredly
 .text.tfm_nspm_get_current_client_id
                0x0000000000015392       0x12 secure_fw/spm/libtfm_spm.a(tfm_spm_ns_ctx.o)
                0x0000000000015392                tfm_nspm_get_current_client_id
 *libplatform_s*:*(.rodata*)
 .rodata        0x00000000000153a4      0x36e platform/libplatform_s.a(spu.o)
 *fill*         0x0000000000015712        0x2 
 .rodata.__func__.6
                0x0000000000015714       0x18 platform/libplatform_s.a(spu.o)
 .rodata.__func__.5
                0x000000000001572c       0x16 platform/libplatform_s.a(spu.o)
 *fill*         0x0000000000015742        0x2 
 .rodata.__func__.4
                0x0000000000015744       0x2d platform/libplatform_s.a(spu.o)
 *fill*         0x0000000000015771        0x3 
 .rodata.__func__.3
                0x0000000000015774       0x15 platform/libplatform_s.a(spu.o)
 *fill*         0x0000000000015789        0x3 
 .rodata.__func__.2
                0x000000000001578c       0x1d platform/libplatform_s.a(spu.o)
 *fill*         0x00000000000157a9        0x3 
 .rodata.__func__.1
                0x00000000000157ac       0x17 platform/libplatform_s.a(spu.o)
 *fill*         0x00000000000157c3        0x1 
 .rodata.__func__.0
                0x00000000000157c4       0x21 platform/libplatform_s.a(spu.o)
 *fill*         0x00000000000157e5        0x3 
 .rodata.ranges
                0x00000000000157e8       0x28 platform/libplatform_s.a(tfm_platform_hal_ioctl.o)
 .rodata        0x0000000000015810       0x66 platform/libplatform_s.a(tfm_platform_hal_ioctl.o)
 *fill*         0x0000000000015876        0x2 
 .rodata.__func__.0
                0x0000000000015878       0x19 platform/libplatform_s.a(tfm_platform_hal_ioctl.o)
 *libtfm_spm*:*(.rodata*)
 *fill*         0x0000000000015891        0x3 
 .rodata.partition_named_mmio_list
                0x0000000000015894        0x4 secure_fw/spm/libtfm_spm.a(tfm_hal_isolation.o)
                0x0000000000015894                partition_named_mmio_list
 .rodata        0x0000000000015898      0x146 secure_fw/spm/libtfm_spm.a(target_cfg.o)
 *fill*         0x00000000000159de        0x2 
 .rodata.memory_regions
                0x00000000000159e0       0x1c secure_fw/spm/libtfm_spm.a(target_cfg.o)
                0x00000000000159e0                memory_regions
 .rodata.__func__.4
                0x00000000000159fc       0x18 secure_fw/spm/libtfm_spm.a(target_cfg.o)
 .rodata.target_peripherals.3
                0x0000000000015a14       0xa4 secure_fw/spm/libtfm_spm.a(target_cfg.o)
 .rodata.__func__.2
                0x0000000000015ab8       0x18 secure_fw/spm/libtfm_spm.a(target_cfg.o)
 .rodata.__func__.1
                0x0000000000015ad0       0x19 secure_fw/spm/libtfm_spm.a(target_cfg.o)
 *fill*         0x0000000000015ae9        0x3 
 .rodata.__func__.0
                0x0000000000015aec       0x16 secure_fw/spm/libtfm_spm.a(target_cfg.o)
 *fill*         0x0000000000015b02        0x2 
 .rodata.access_policy_table
                0x0000000000015b04        0x8 secure_fw/spm/libtfm_spm.a(tfm_boot_data.o)

.TFM_UNPRIV_CODE
                0x0000000000015b20     0x3a60
 *(SFN)
 SFN            0x0000000000015b20       0xa0 secure_fw/CMakeFiles/tfm_s.dir/partitions/ns_agent_tz/psa_api_veneers_v80m.o
                0x0000000000015b20                __acle_se_tfm_psa_framework_version_veneer
                0x0000000000015b42                __acle_se_tfm_psa_version_veneer
                0x0000000000015b64                __acle_se_tfm_psa_call_veneer
                0x0000000000015b90                __acle_se_tfm_psa_connect_veneer
                0x0000000000015ba6                __acle_se_tfm_psa_close_veneer
 *(SORT_BY_ALIGNMENT(.text*))
 .text          0x0000000000015bc0       0x88 /opt/nordic/ncs/toolchains/f8037e9b83/opt/zephyr-sdk/arm-zephyr-eabi/bin/../lib/gcc/arm-zephyr-eabi/12.2.0/thumb/v8-m.main+fp/hard/crtbegin.o
 .text          0x0000000000015c48       0x7c /opt/nordic/ncs/toolchains/f8037e9b83/opt/zephyr-sdk/arm-zephyr-eabi/bin/../lib/gcc/arm-zephyr-eabi/12.2.0/../../../../arm-zephyr-eabi/lib/thumb/v8-m.main+fp/hard/crt0.o
                0x0000000000015c48                _stack_init
                0x0000000000015c50                _mainCRTStartup
                0x0000000000015c50                _start
 .text.tfm_psa_call_pack
                0x0000000000015cc4       0x70 secure_fw/partitions/lib/runtime/libtfm_sprt.a(psa_interface_sfn.o)
                0x0000000000015cc4                tfm_psa_call_pack
 .text.verify_header
                0x0000000000015d34       0x44 secure_fw/partitions/crypto/mbedcrypto/nrf_security_src/libcrypto_service_mbedcrypto.a(memory_buffer_alloc.o)
 .text.verify_chain
                0x0000000000015d78       0x68 secure_fw/partitions/crypto/mbedcrypto/nrf_security_src/libcrypto_service_mbedcrypto.a(memory_buffer_alloc.o)
 .text.buffer_alloc_free
                0x0000000000015de0       0xe8 secure_fw/partitions/crypto/mbedcrypto/nrf_security_src/libcrypto_service_mbedcrypto.a(memory_buffer_alloc.o)
 .text.buffer_alloc_calloc
                0x0000000000015ec8      0x10c secure_fw/partitions/crypto/mbedcrypto/nrf_security_src/libcrypto_service_mbedcrypto.a(memory_buffer_alloc.o)
 .text.mbedtls_memory_buffer_alloc_init
                0x0000000000015fd4       0x64 secure_fw/partitions/crypto/mbedcrypto/nrf_security_src/libcrypto_service_mbedcrypto.a(memory_buffer_alloc.o)
                0x0000000000015fd4                mbedtls_memory_buffer_alloc_init
 .text.platform_calloc_uninit
                0x0000000000016038        0x4 secure_fw/partitions/crypto/mbedcrypto/nrf_security_src/libcrypto_service_mbedcrypto.a(platform.o)
 .text.platform_free_uninit
                0x000000000001603c        0x4 secure_fw/partitions/crypto/mbedcrypto/nrf_security_src/libcrypto_service_mbedcrypto.a(platform.o)
 .text.mbedtls_free
                0x0000000000016040        0xc secure_fw/partitions/crypto/mbedcrypto/nrf_security_src/libcrypto_service_mbedcrypto.a(platform.o)
                0x0000000000016040                mbedtls_free
 .text.mbedtls_platform_set_calloc_free
                0x000000000001604c       0x1c secure_fw/partitions/crypto/mbedcrypto/nrf_security_src/libcrypto_service_mbedcrypto.a(platform.o)
                0x000000000001604c                mbedtls_platform_set_calloc_free
 .text.mbedtls_platform_zeroize
                0x0000000000016068       0x18 secure_fw/partitions/crypto/mbedcrypto/nrf_security_src/libcrypto_service_mbedcrypto.a(platform_util.o)
                0x0000000000016068                mbedtls_platform_zeroize
 .text.mbedtls_zeroize_and_free
                0x0000000000016080       0x20 secure_fw/partitions/crypto/mbedcrypto/nrf_security_src/libcrypto_service_mbedcrypto.a(platform_util.o)
                0x0000000000016080                mbedtls_zeroize_and_free
 .text.psa_wipe_key_slot
                0x00000000000160a0       0x2c secure_fw/partitions/crypto/mbedcrypto/nrf_security_src/libcrypto_service_mbedcrypto.a(psa_crypto.o)
                0x00000000000160a0                psa_wipe_key_slot
 .text.mbedcrypto__psa_generate_random
                0x00000000000160cc       0x24 secure_fw/partitions/crypto/mbedcrypto/nrf_security_src/libcrypto_service_mbedcrypto.a(psa_crypto.o)
                0x00000000000160cc                mbedcrypto__psa_generate_random
 .text.mbedcrypto__psa_crypto_init
                0x00000000000160f0       0x54 secure_fw/partitions/crypto/mbedcrypto/nrf_security_src/libcrypto_service_mbedcrypto.a(psa_crypto.o)
                0x00000000000160f0                mbedcrypto__psa_crypto_init
 .text.psa_initialize_key_slots
                0x0000000000016144       0x10 secure_fw/partitions/crypto/mbedcrypto/nrf_security_src/libcrypto_service_mbedcrypto.a(psa_crypto_slot_management.o)
                0x0000000000016144                psa_initialize_key_slots
 .text.psa_wipe_all_key_slots
                0x0000000000016154       0x28 secure_fw/partitions/crypto/mbedcrypto/nrf_security_src/libcrypto_service_mbedcrypto.a(psa_crypto_slot_management.o)
                0x0000000000016154                psa_wipe_all_key_slots
 .text.psa_driver_wrapper_init
                0x000000000001617c        0x4 secure_fw/partitions/crypto/mbedcrypto/nrf_security_src/libcrypto_service_mbedcrypto.a(psa_crypto_driver_wrappers.o)
                0x000000000001617c                psa_driver_wrapper_init
 .text.psa_driver_wrapper_free
                0x0000000000016180        0x4 secure_fw/partitions/crypto/mbedcrypto/nrf_security_src/libcrypto_service_mbedcrypto.a(psa_crypto_driver_wrappers.o)
                0x0000000000016180                psa_driver_wrapper_free
 .text.psa_driver_wrapper_init_random
                0x0000000000016184        0x4 secure_fw/partitions/crypto/mbedcrypto/nrf_security_src/libcrypto_service_mbedcrypto.a(psa_crypto_driver_wrappers.o)
                0x0000000000016184                psa_driver_wrapper_init_random
 .text.psa_driver_wrapper_get_random
                0x0000000000016188       0x24 secure_fw/partitions/crypto/mbedcrypto/nrf_security_src/libcrypto_service_mbedcrypto.a(psa_crypto_driver_wrappers.o)
                0x0000000000016188                psa_driver_wrapper_get_random
 .text.psa_driver_wrapper_free_random
                0x00000000000161ac        0x4 secure_fw/partitions/crypto/mbedcrypto/nrf_security_src/libcrypto_service_mbedcrypto.a(psa_crypto_driver_wrappers.o)
                0x00000000000161ac                psa_driver_wrapper_free_random
 .text.__assert_func
                0x00000000000161b0       0x3c /opt/nordic/ncs/toolchains/f8037e9b83/opt/zephyr-sdk/arm-zephyr-eabi/bin/../lib/gcc/arm-zephyr-eabi/12.2.0/../../../../arm-zephyr-eabi/lib/thumb/v8-m.main+fp/hard/libc_nano.a(lib_a-assert.o)
                0x00000000000161b0                __assert_func
 .text.exit     0x00000000000161ec       0x28 /opt/nordic/ncs/toolchains/f8037e9b83/opt/zephyr-sdk/arm-zephyr-eabi/bin/../lib/gcc/arm-zephyr-eabi/12.2.0/../../../../arm-zephyr-eabi/lib/thumb/v8-m.main+fp/hard/libc_nano.a(lib_a-exit.o)
                0x00000000000161ec                exit
 .text.fprintf  0x0000000000016214       0x24 /opt/nordic/ncs/toolchains/f8037e9b83/opt/zephyr-sdk/arm-zephyr-eabi/bin/../lib/gcc/arm-zephyr-eabi/12.2.0/../../../../arm-zephyr-eabi/lib/thumb/v8-m.main+fp/hard/libc_nano.a(lib_a-fprintf.o)
                0x0000000000016214                fprintf
                0x0000000000016214                fiprintf
 .text.__libc_init_array
                0x0000000000016238       0x48 /opt/nordic/ncs/toolchains/f8037e9b83/opt/zephyr-sdk/arm-zephyr-eabi/bin/../lib/gcc/arm-zephyr-eabi/12.2.0/../../../../arm-zephyr-eabi/lib/thumb/v8-m.main+fp/hard/libc_nano.a(lib_a-init.o)
                0x0000000000016238                __libc_init_array
 .text._vfprintf_r
                0x0000000000016280      0x258 /opt/nordic/ncs/toolchains/f8037e9b83/opt/zephyr-sdk/arm-zephyr-eabi/bin/../lib/gcc/arm-zephyr-eabi/12.2.0/../../../../arm-zephyr-eabi/lib/thumb/v8-m.main+fp/hard/libc_nano.a(lib_a-nano-vfprintf.o)
                0x0000000000016280                _vfiprintf_r
                0x0000000000016280                _vfprintf_r
 .text._printf_i
                0x00000000000164d8      0x25c /opt/nordic/ncs/toolchains/f8037e9b83/opt/zephyr-sdk/arm-zephyr-eabi/bin/../lib/gcc/arm-zephyr-eabi/12.2.0/../../../../arm-zephyr-eabi/lib/thumb/v8-m.main+fp/hard/libc_nano.a(lib_a-nano-vfprintf_i.o)
                0x00000000000164d8                _printf_i
 .text.__swbuf_r
                0x0000000000016734       0xa4 /opt/nordic/ncs/toolchains/f8037e9b83/opt/zephyr-sdk/arm-zephyr-eabi/bin/../lib/gcc/arm-zephyr-eabi/12.2.0/../../../../arm-zephyr-eabi/lib/thumb/v8-m.main+fp/hard/libc_nano.a(lib_a-wbuf.o)
                0x0000000000016734                __swbuf_r
 .text.__swsetup_r
                0x00000000000167d8       0xd8 /opt/nordic/ncs/toolchains/f8037e9b83/opt/zephyr-sdk/arm-zephyr-eabi/bin/../lib/gcc/arm-zephyr-eabi/12.2.0/../../../../arm-zephyr-eabi/lib/thumb/v8-m.main+fp/hard/libc_nano.a(lib_a-wsetup.o)
                0x00000000000167d8                __swsetup_r
 .text._fflush_r
                0x00000000000168b0       0x78 /opt/nordic/ncs/toolchains/f8037e9b83/opt/zephyr-sdk/arm-zephyr-eabi/bin/../lib/gcc/arm-zephyr-eabi/12.2.0/../../../../arm-zephyr-eabi/lib/thumb/v8-m.main+fp/hard/libc_nano.a(lib_a-fflush.o)
                0x00000000000168b0                _fflush_r
 .text.std      0x0000000000016928       0x48 /opt/nordic/ncs/toolchains/f8037e9b83/opt/zephyr-sdk/arm-zephyr-eabi/bin/../lib/gcc/arm-zephyr-eabi/12.2.0/../../../../arm-zephyr-eabi/lib/thumb/v8-m.main+fp/hard/libc_nano.a(lib_a-findfp.o)
 .text._cleanup_r
                0x0000000000016970        0xc /opt/nordic/ncs/toolchains/f8037e9b83/opt/zephyr-sdk/arm-zephyr-eabi/bin/../lib/gcc/arm-zephyr-eabi/12.2.0/../../../../arm-zephyr-eabi/lib/thumb/v8-m.main+fp/hard/libc_nano.a(lib_a-findfp.o)
                0x0000000000016970                _cleanup_r
 .text.__sfp_lock_acquire
                0x000000000001697c        0xc /opt/nordic/ncs/toolchains/f8037e9b83/opt/zephyr-sdk/arm-zephyr-eabi/bin/../lib/gcc/arm-zephyr-eabi/12.2.0/../../../../arm-zephyr-eabi/lib/thumb/v8-m.main+fp/hard/libc_nano.a(lib_a-findfp.o)
                0x000000000001697c                __sfp_lock_acquire
 .text.__sfp_lock_release
                0x0000000000016988        0xc /opt/nordic/ncs/toolchains/f8037e9b83/opt/zephyr-sdk/arm-zephyr-eabi/bin/../lib/gcc/arm-zephyr-eabi/12.2.0/../../../../arm-zephyr-eabi/lib/thumb/v8-m.main+fp/hard/libc_nano.a(lib_a-findfp.o)
                0x0000000000016988                __sfp_lock_release
 .text.__sinit_lock_acquire
                0x0000000000016994        0xc /opt/nordic/ncs/toolchains/f8037e9b83/opt/zephyr-sdk/arm-zephyr-eabi/bin/../lib/gcc/arm-zephyr-eabi/12.2.0/../../../../arm-zephyr-eabi/lib/thumb/v8-m.main+fp/hard/libc_nano.a(lib_a-findfp.o)
                0x0000000000016994                __sinit_lock_acquire
 .text.__sinit_lock_release
                0x00000000000169a0        0xc /opt/nordic/ncs/toolchains/f8037e9b83/opt/zephyr-sdk/arm-zephyr-eabi/bin/../lib/gcc/arm-zephyr-eabi/12.2.0/../../../../arm-zephyr-eabi/lib/thumb/v8-m.main+fp/hard/libc_nano.a(lib_a-findfp.o)
                0x00000000000169a0                __sinit_lock_release
 .text.__sinit  0x00000000000169ac       0x70 /opt/nordic/ncs/toolchains/f8037e9b83/opt/zephyr-sdk/arm-zephyr-eabi/bin/../lib/gcc/arm-zephyr-eabi/12.2.0/../../../../arm-zephyr-eabi/lib/thumb/v8-m.main+fp/hard/libc_nano.a(lib_a-findfp.o)
                0x00000000000169ac                __sinit
 .text.__sfp    0x0000000000016a1c       0x8c /opt/nordic/ncs/toolchains/f8037e9b83/opt/zephyr-sdk/arm-zephyr-eabi/bin/../lib/gcc/arm-zephyr-eabi/12.2.0/../../../../arm-zephyr-eabi/lib/thumb/v8-m.main+fp/hard/libc_nano.a(lib_a-findfp.o)
                0x0000000000016a1c                __sfp
 .text.__smakebuf_r
                0x0000000000016aa8       0x80 /opt/nordic/ncs/toolchains/f8037e9b83/opt/zephyr-sdk/arm-zephyr-eabi/bin/../lib/gcc/arm-zephyr-eabi/12.2.0/../../../../arm-zephyr-eabi/lib/thumb/v8-m.main+fp/hard/libc_nano.a(lib_a-makebuf.o)
                0x0000000000016aa8                __smakebuf_r
 .text._free_r  0x0000000000016b28       0x94 /opt/nordic/ncs/toolchains/f8037e9b83/opt/zephyr-sdk/arm-zephyr-eabi/bin/../lib/gcc/arm-zephyr-eabi/12.2.0/../../../../arm-zephyr-eabi/lib/thumb/v8-m.main+fp/hard/libc_nano.a(lib_a-nano-freer.o)
                0x0000000000016b28                _free_r
 .text._malloc_r
                0x0000000000016bbc       0xb4 /opt/nordic/ncs/toolchains/f8037e9b83/opt/zephyr-sdk/arm-zephyr-eabi/bin/../lib/gcc/arm-zephyr-eabi/12.2.0/../../../../arm-zephyr-eabi/lib/thumb/v8-m.main+fp/hard/libc_nano.a(lib_a-nano-mallocr.o)
                0x0000000000016bbc                _malloc_r
 .text._sbrk_r  0x0000000000016c70       0x20 /opt/nordic/ncs/toolchains/f8037e9b83/opt/zephyr-sdk/arm-zephyr-eabi/bin/../lib/gcc/arm-zephyr-eabi/12.2.0/../../../../arm-zephyr-eabi/lib/thumb/v8-m.main+fp/hard/libc_nano.a(lib_a-sbrkr.o)
                0x0000000000016c70                _sbrk_r
 .text.raise    0x0000000000016c90       0x10 /opt/nordic/ncs/toolchains/f8037e9b83/opt/zephyr-sdk/arm-zephyr-eabi/bin/../lib/gcc/arm-zephyr-eabi/12.2.0/../../../../arm-zephyr-eabi/lib/thumb/v8-m.main+fp/hard/libc_nano.a(lib_a-signal.o)
                0x0000000000016c90                raise
 .text._kill_r  0x0000000000016ca0       0x24 /opt/nordic/ncs/toolchains/f8037e9b83/opt/zephyr-sdk/arm-zephyr-eabi/bin/../lib/gcc/arm-zephyr-eabi/12.2.0/../../../../arm-zephyr-eabi/lib/thumb/v8-m.main+fp/hard/libc_nano.a(lib_a-signalr.o)
                0x0000000000016ca0                _kill_r
 .text._write_r
                0x0000000000016cc4       0x24 /opt/nordic/ncs/toolchains/f8037e9b83/opt/zephyr-sdk/arm-zephyr-eabi/bin/../lib/gcc/arm-zephyr-eabi/12.2.0/../../../../arm-zephyr-eabi/lib/thumb/v8-m.main+fp/hard/libc_nano.a(lib_a-writer.o)
                0x0000000000016cc4                _write_r
 .text._close_r
                0x0000000000016ce8       0x20 /opt/nordic/ncs/toolchains/f8037e9b83/opt/zephyr-sdk/arm-zephyr-eabi/bin/../lib/gcc/arm-zephyr-eabi/12.2.0/../../../../arm-zephyr-eabi/lib/thumb/v8-m.main+fp/hard/libc_nano.a(lib_a-closer.o)
                0x0000000000016ce8                _close_r
 .text._fstat_r
                0x0000000000016d08       0x24 /opt/nordic/ncs/toolchains/f8037e9b83/opt/zephyr-sdk/arm-zephyr-eabi/bin/../lib/gcc/arm-zephyr-eabi/12.2.0/../../../../arm-zephyr-eabi/lib/thumb/v8-m.main+fp/hard/libc_nano.a(lib_a-fstatr.o)
                0x0000000000016d08                _fstat_r
 .text._isatty_r
                0x0000000000016d2c       0x20 /opt/nordic/ncs/toolchains/f8037e9b83/opt/zephyr-sdk/arm-zephyr-eabi/bin/../lib/gcc/arm-zephyr-eabi/12.2.0/../../../../arm-zephyr-eabi/lib/thumb/v8-m.main+fp/hard/libc_nano.a(lib_a-isattyr.o)
                0x0000000000016d2c                _isatty_r
 .text._lseek_r
                0x0000000000016d4c       0x24 /opt/nordic/ncs/toolchains/f8037e9b83/opt/zephyr-sdk/arm-zephyr-eabi/bin/../lib/gcc/arm-zephyr-eabi/12.2.0/../../../../arm-zephyr-eabi/lib/thumb/v8-m.main+fp/hard/libc_nano.a(lib_a-lseekr.o)
                0x0000000000016d4c                _lseek_r
 .text.__malloc_lock
                0x0000000000016d70        0xc /opt/nordic/ncs/toolchains/f8037e9b83/opt/zephyr-sdk/arm-zephyr-eabi/bin/../lib/gcc/arm-zephyr-eabi/12.2.0/../../../../arm-zephyr-eabi/lib/thumb/v8-m.main+fp/hard/libc_nano.a(lib_a-mlock.o)
                0x0000000000016d70                __malloc_lock
 .text.__malloc_unlock
                0x0000000000016d7c        0xc /opt/nordic/ncs/toolchains/f8037e9b83/opt/zephyr-sdk/arm-zephyr-eabi/bin/../lib/gcc/arm-zephyr-eabi/12.2.0/../../../../arm-zephyr-eabi/lib/thumb/v8-m.main+fp/hard/libc_nano.a(lib_a-mlock.o)
                0x0000000000016d7c                __malloc_unlock
 .text._read_r  0x0000000000016d88       0x24 /opt/nordic/ncs/toolchains/f8037e9b83/opt/zephyr-sdk/arm-zephyr-eabi/bin/../lib/gcc/arm-zephyr-eabi/12.2.0/../../../../arm-zephyr-eabi/lib/thumb/v8-m.main+fp/hard/libc_nano.a(lib_a-readr.o)
                0x0000000000016d88                _read_r
 .text.CC_PalMemCopyPlat
                0x0000000000016dac        0x4 /opt/nordic/ncs/v2.7.0/nrfxlib/crypto/nrf_cc312_platform/lib/cortex-m33/hard-float/no-interrupts/libnrf_cc312_platform_0.9.19.a(cc_pal_mem.c.obj)
                0x0000000000016dac                CC_PalMemCopyPlat
 .text.CC_PalMemSetZeroPlat
                0x0000000000016db0        0x8 /opt/nordic/ncs/v2.7.0/nrfxlib/crypto/nrf_cc312_platform/lib/cortex-m33/hard-float/no-interrupts/libnrf_cc312_platform_0.9.19.a(cc_pal_mem.c.obj)
                0x0000000000016db0                CC_PalMemSetZeroPlat
 .text.nrf_cc3xx_platform_init_hmac_drbg
                0x0000000000016db8       0x44 /opt/nordic/ncs/v2.7.0/nrfxlib/crypto/nrf_cc312_platform/lib/cortex-m33/hard-float/no-interrupts/libnrf_cc312_platform_0.9.19.a(nrf_cc3xx_platform.c.obj)
                0x0000000000016db8                nrf_cc3xx_platform_init_hmac_drbg
 .text.nrf_cc3xx_platform_abort
                0x0000000000016dfc       0x24 /opt/nordic/ncs/v2.7.0/nrfxlib/crypto/nrf_cc312_platform/lib/cortex-m33/hard-float/no-interrupts/libnrf_cc312_platform_0.9.19.a(nrf_cc3xx_platform_abort.c.obj)
 .text.CC_PalAbort
                0x0000000000016e20       0x44 /opt/nordic/ncs/v2.7.0/nrfxlib/crypto/nrf_cc312_platform/lib/cortex-m33/hard-float/no-interrupts/libnrf_cc312_platform_0.9.19.a(nrf_cc3xx_platform_abort.c.obj)
                0x0000000000016e20                CC_PalAbort
 .text.nrf_cc3xx_platform_hmac_drbg_init
                0x0000000000016e64       0x60 /opt/nordic/ncs/v2.7.0/nrfxlib/crypto/nrf_cc312_platform/lib/cortex-m33/hard-float/no-interrupts/libnrf_cc312_platform_0.9.19.a(nrf_cc3xx_platform_hmac_drbg.c.obj)
                0x0000000000016e64                nrf_cc3xx_platform_hmac_drbg_init
 .text.nrf_cc3xx_platform_hmac_drbg_get
                0x0000000000016ec4       0x44 /opt/nordic/ncs/v2.7.0/nrfxlib/crypto/nrf_cc312_platform/lib/cortex-m33/hard-float/no-interrupts/libnrf_cc312_platform_0.9.19.a(nrf_cc3xx_platform_hmac_drbg.c.obj)
                0x0000000000016ec4                nrf_cc3xx_platform_hmac_drbg_get
 .text.mbedtls_zeroize_internal
                0x0000000000016f08       0x14 /opt/nordic/ncs/v2.7.0/nrfxlib/crypto/nrf_cc312_platform/lib/cortex-m33/hard-float/no-interrupts/libnrf_cc312_platform_0.9.19.a(mbedtls_common.c.obj)
                0x0000000000016f08                mbedtls_zeroize_internal
 .text.cc_mbedtls_platform_zeroize
                0x0000000000016f1c       0x14 /opt/nordic/ncs/v2.7.0/nrfxlib/crypto/nrf_cc312_platform/lib/cortex-m33/hard-float/no-interrupts/libnrf_cc312_platform_0.9.19.a(mbedtls_common.c.obj)
                0x0000000000016f1c                cc_mbedtls_platform_zeroize
 .text.SetDataBuffersInfo
                0x0000000000016f30       0x64 /opt/nordic/ncs/v2.7.0/nrfxlib/crypto/nrf_cc312_platform/lib/cortex-m33/hard-float/no-interrupts/libnrf_cc312_platform_0.9.19.a(driver_common.c.obj)
                0x0000000000016f30                SetDataBuffersInfo
 .text.entropy_update
                0x0000000000016f94       0x7c /opt/nordic/ncs/v2.7.0/nrfxlib/crypto/nrf_cc312_platform/lib/cortex-m33/hard-float/no-interrupts/libnrf_cc312_platform_0.9.19.a(custom_entropy.c.obj)
 .text.entropy_gather_internal.part.0
                0x0000000000017010       0x88 /opt/nordic/ncs/v2.7.0/nrfxlib/crypto/nrf_cc312_platform/lib/cortex-m33/hard-float/no-interrupts/libnrf_cc312_platform_0.9.19.a(custom_entropy.c.obj)
 .text.cc_mbedtls_entropy_init
                0x0000000000017098       0x84 /opt/nordic/ncs/v2.7.0/nrfxlib/crypto/nrf_cc312_platform/lib/cortex-m33/hard-float/no-interrupts/libnrf_cc312_platform_0.9.19.a(custom_entropy.c.obj)
                0x0000000000017098                cc_mbedtls_entropy_init
 .text.cc_mbedtls_entropy_func
                0x000000000001711c      0x110 /opt/nordic/ncs/v2.7.0/nrfxlib/crypto/nrf_cc312_platform/lib/cortex-m33/hard-float/no-interrupts/libnrf_cc312_platform_0.9.19.a(custom_entropy.c.obj)
                0x000000000001711c                cc_mbedtls_entropy_func
 .text.cc_hmac_sha256_starts.constprop.0
                0x000000000001722c      0x108 /opt/nordic/ncs/v2.7.0/nrfxlib/crypto/nrf_cc312_platform/lib/cortex-m33/hard-float/no-interrupts/libnrf_cc312_platform_0.9.19.a(hmac_drbg_alt.c.obj)
 .text.cc_mbedtls_hmac_drbg_init
                0x0000000000017334       0x28 /opt/nordic/ncs/v2.7.0/nrfxlib/crypto/nrf_cc312_platform/lib/cortex-m33/hard-float/no-interrupts/libnrf_cc312_platform_0.9.19.a(hmac_drbg_alt.c.obj)
                0x0000000000017334                cc_mbedtls_hmac_drbg_init
 .text.cc_mbedtls_hmac_drbg_update
                0x000000000001735c      0x170 /opt/nordic/ncs/v2.7.0/nrfxlib/crypto/nrf_cc312_platform/lib/cortex-m33/hard-float/no-interrupts/libnrf_cc312_platform_0.9.19.a(hmac_drbg_alt.c.obj)
                0x000000000001735c                cc_mbedtls_hmac_drbg_update
 .text.cc_hmac_drbg_reseed_core
                0x00000000000174cc       0xac /opt/nordic/ncs/v2.7.0/nrfxlib/crypto/nrf_cc312_platform/lib/cortex-m33/hard-float/no-interrupts/libnrf_cc312_platform_0.9.19.a(hmac_drbg_alt.c.obj)
 .text.cc_mbedtls_hmac_drbg_seed
                0x0000000000017578       0x54 /opt/nordic/ncs/v2.7.0/nrfxlib/crypto/nrf_cc312_platform/lib/cortex-m33/hard-float/no-interrupts/libnrf_cc312_platform_0.9.19.a(hmac_drbg_alt.c.obj)
                0x0000000000017578                cc_mbedtls_hmac_drbg_seed
 .text.cc_mbedtls_hmac_drbg_random_with_add
                0x00000000000175cc      0x144 /opt/nordic/ncs/v2.7.0/nrfxlib/crypto/nrf_cc312_platform/lib/cortex-m33/hard-float/no-interrupts/libnrf_cc312_platform_0.9.19.a(hmac_drbg_alt.c.obj)
                0x00000000000175cc                cc_mbedtls_hmac_drbg_random_with_add
 .text.RndStartupTest.constprop.0
                0x0000000000017710       0xac /opt/nordic/ncs/v2.7.0/nrfxlib/crypto/nrf_cc312_platform/lib/cortex-m33/hard-float/no-interrupts/libnrf_cc312_platform_0.9.19.a(cc_lib.c.obj)
 .text.CC_LibInit_HMAC_DRBG
                0x00000000000177bc       0x74 /opt/nordic/ncs/v2.7.0/nrfxlib/crypto/nrf_cc312_platform/lib/cortex-m33/hard-float/no-interrupts/libnrf_cc312_platform_0.9.19.a(cc_lib.c.obj)
                0x00000000000177bc                CC_LibInit_HMAC_DRBG
 .text.CC_HalInit
                0x0000000000017830        0x4 /opt/nordic/ncs/v2.7.0/nrfxlib/crypto/nrf_cc312_platform/lib/cortex-m33/hard-float/no-interrupts/libnrf_cc312_platform_0.9.19.a(cc_hal.c.obj)
                0x0000000000017830                CC_HalInit
 .text.CC_HalClearInterruptBit
                0x0000000000017834       0x1c /opt/nordic/ncs/v2.7.0/nrfxlib/crypto/nrf_cc312_platform/lib/cortex-m33/hard-float/no-interrupts/libnrf_cc312_platform_0.9.19.a(cc_hal.c.obj)
                0x0000000000017834                CC_HalClearInterruptBit
 .text.CC_HalMaskInterrupt
                0x0000000000017850        0xc /opt/nordic/ncs/v2.7.0/nrfxlib/crypto/nrf_cc312_platform/lib/cortex-m33/hard-float/no-interrupts/libnrf_cc312_platform_0.9.19.a(cc_hal.c.obj)
                0x0000000000017850                CC_HalMaskInterrupt
 .text.CC_HalWaitInterrupt
                0x000000000001785c        0xc /opt/nordic/ncs/v2.7.0/nrfxlib/crypto/nrf_cc312_platform/lib/cortex-m33/hard-float/no-interrupts/libnrf_cc312_platform_0.9.19.a(cc_hal.c.obj)
                0x000000000001785c                CC_HalWaitInterrupt
 .text.CC_HalWaitInterruptRND
                0x0000000000017868        0xc /opt/nordic/ncs/v2.7.0/nrfxlib/crypto/nrf_cc312_platform/lib/cortex-m33/hard-float/no-interrupts/libnrf_cc312_platform_0.9.19.a(cc_hal.c.obj)
                0x0000000000017868                CC_HalWaitInterruptRND
 .text.CC_PalInit
                0x0000000000017874       0x5c /opt/nordic/ncs/v2.7.0/nrfxlib/crypto/nrf_cc312_platform/lib/cortex-m33/hard-float/no-interrupts/libnrf_cc312_platform_0.9.19.a(cc_pal.c.obj)
                0x0000000000017874                CC_PalInit
 .text.CC_PalTerminate
                0x00000000000178d0       0x34 /opt/nordic/ncs/v2.7.0/nrfxlib/crypto/nrf_cc312_platform/lib/cortex-m33/hard-float/no-interrupts/libnrf_cc312_platform_0.9.19.a(cc_pal.c.obj)
                0x00000000000178d0                CC_PalTerminate
 .text.CC_PalDataBufferAttrGet
                0x0000000000017904        0x8 /opt/nordic/ncs/v2.7.0/nrfxlib/crypto/nrf_cc312_platform/lib/cortex-m33/hard-float/no-interrupts/libnrf_cc312_platform_0.9.19.a(cc_pal_buff_attr.c.obj)
                0x0000000000017904                CC_PalDataBufferAttrGet
 .text.CC_PalDmaInit
                0x000000000001790c        0x4 /opt/nordic/ncs/v2.7.0/nrfxlib/crypto/nrf_cc312_platform/lib/cortex-m33/hard-float/no-interrupts/libnrf_cc312_platform_0.9.19.a(cc_pal_dma.c.obj)
                0x000000000001790c                CC_PalDmaInit
 .text.CC_PalDmaTerminate
                0x0000000000017910        0x4 /opt/nordic/ncs/v2.7.0/nrfxlib/crypto/nrf_cc312_platform/lib/cortex-m33/hard-float/no-interrupts/libnrf_cc312_platform_0.9.19.a(cc_pal_dma.c.obj)
                0x0000000000017910                CC_PalDmaTerminate
 .text.CC_PalWaitInterruptRND
                0x0000000000017914       0x3c /opt/nordic/ncs/v2.7.0/nrfxlib/crypto/nrf_cc312_platform/lib/cortex-m33/hard-float/no-interrupts/libnrf_cc312_platform_0.9.19.a(cc_pal_interrupt_ctrl.c.obj)
                0x0000000000017914                CC_PalWaitInterruptRND
 .text.CC_PalWaitInterrupt
                0x0000000000017950       0x28 /opt/nordic/ncs/v2.7.0/nrfxlib/crypto/nrf_cc312_platform/lib/cortex-m33/hard-float/no-interrupts/libnrf_cc312_platform_0.9.19.a(cc_pal_interrupt_ctrl.c.obj)
                0x0000000000017950                CC_PalWaitInterrupt
 .text.CC_PalMutexCreate
                0x0000000000017978       0x14 /opt/nordic/ncs/v2.7.0/nrfxlib/crypto/nrf_cc312_platform/lib/cortex-m33/hard-float/no-interrupts/libnrf_cc312_platform_0.9.19.a(cc_pal_mutex.c.obj)
                0x0000000000017978                CC_PalMutexCreate
 .text.CC_PalMutexDestroy
                0x000000000001798c       0x14 /opt/nordic/ncs/v2.7.0/nrfxlib/crypto/nrf_cc312_platform/lib/cortex-m33/hard-float/no-interrupts/libnrf_cc312_platform_0.9.19.a(cc_pal_mutex.c.obj)
                0x000000000001798c                CC_PalMutexDestroy
 .text.CC_PalMutexLock
                0x00000000000179a0       0x10 /opt/nordic/ncs/v2.7.0/nrfxlib/crypto/nrf_cc312_platform/lib/cortex-m33/hard-float/no-interrupts/libnrf_cc312_platform_0.9.19.a(cc_pal_mutex.c.obj)
                0x00000000000179a0                CC_PalMutexLock
 .text.CC_PalMutexUnlock
                0x00000000000179b0       0x14 /opt/nordic/ncs/v2.7.0/nrfxlib/crypto/nrf_cc312_platform/lib/cortex-m33/hard-float/no-interrupts/libnrf_cc312_platform_0.9.19.a(cc_pal_mutex.c.obj)
                0x00000000000179b0                CC_PalMutexUnlock
 .text.CC_PalPowerSaveModeInit
                0x00000000000179c4       0x3c /opt/nordic/ncs/v2.7.0/nrfxlib/crypto/nrf_cc312_platform/lib/cortex-m33/hard-float/no-interrupts/libnrf_cc312_platform_0.9.19.a(cc_pal_pm.c.obj)
                0x00000000000179c4                CC_PalPowerSaveModeInit
 .text.CC_PalPowerSaveModeSelect
                0x0000000000017a00       0x84 /opt/nordic/ncs/v2.7.0/nrfxlib/crypto/nrf_cc312_platform/lib/cortex-m33/hard-float/no-interrupts/libnrf_cc312_platform_0.9.19.a(cc_pal_pm.c.obj)
                0x0000000000017a00                CC_PalPowerSaveModeSelect
 .text.mutex_init
                0x0000000000017a84        0xc /opt/nordic/ncs/v2.7.0/nrfxlib/crypto/nrf_cc312_platform/lib/cortex-m33/hard-float/no-interrupts/libnrf_cc312_platform_0.9.19.a(threading_alt.c.obj)
                0x0000000000017a84                mutex_init
 .text.mutex_lock
                0x0000000000017a90        0xc /opt/nordic/ncs/v2.7.0/nrfxlib/crypto/nrf_cc312_platform/lib/cortex-m33/hard-float/no-interrupts/libnrf_cc312_platform_0.9.19.a(threading_alt.c.obj)
                0x0000000000017a90                mutex_lock
 .text.mutex_unlock
                0x0000000000017a9c        0xc /opt/nordic/ncs/v2.7.0/nrfxlib/crypto/nrf_cc312_platform/lib/cortex-m33/hard-float/no-interrupts/libnrf_cc312_platform_0.9.19.a(threading_alt.c.obj)
                0x0000000000017a9c                mutex_unlock
 .text.mutex_free
                0x0000000000017aa8       0x34 /opt/nordic/ncs/v2.7.0/nrfxlib/crypto/nrf_cc312_platform/lib/cortex-m33/hard-float/no-interrupts/libnrf_cc312_platform_0.9.19.a(nrf_cc3xx_platform_mutex.c.obj)
 .text.mutex_lock
                0x0000000000017adc       0x48 /opt/nordic/ncs/v2.7.0/nrfxlib/crypto/nrf_cc312_platform/lib/cortex-m33/hard-float/no-interrupts/libnrf_cc312_platform_0.9.19.a(nrf_cc3xx_platform_mutex.c.obj)
 .text.mutex_unlock
                0x0000000000017b24       0x38 /opt/nordic/ncs/v2.7.0/nrfxlib/crypto/nrf_cc312_platform/lib/cortex-m33/hard-float/no-interrupts/libnrf_cc312_platform_0.9.19.a(nrf_cc3xx_platform_mutex.c.obj)
 .text.mutex_init
                0x0000000000017b5c       0x20 /opt/nordic/ncs/v2.7.0/nrfxlib/crypto/nrf_cc312_platform/lib/cortex-m33/hard-float/no-interrupts/libnrf_cc312_platform_0.9.19.a(nrf_cc3xx_platform_mutex.c.obj)
 .text.startTrngHW
                0x0000000000017b7c      0x130 /opt/nordic/ncs/v2.7.0/nrfxlib/crypto/nrf_cc312_platform/lib/cortex-m33/hard-float/no-interrupts/libnrf_cc312_platform_0.9.19.a(llf_rnd_trng90b.c.obj)
 .text.LLF_RND_RepetitionCounterTest
                0x0000000000017cac       0x64 /opt/nordic/ncs/v2.7.0/nrfxlib/crypto/nrf_cc312_platform/lib/cortex-m33/hard-float/no-interrupts/libnrf_cc312_platform_0.9.19.a(llf_rnd_trng90b.c.obj)
                0x0000000000017cac                LLF_RND_RepetitionCounterTest
 .text.LLF_RND_AdaptiveProportionTest
                0x0000000000017d10       0x80 /opt/nordic/ncs/v2.7.0/nrfxlib/crypto/nrf_cc312_platform/lib/cortex-m33/hard-float/no-interrupts/libnrf_cc312_platform_0.9.19.a(llf_rnd_trng90b.c.obj)
                0x0000000000017d10                LLF_RND_AdaptiveProportionTest
 .text.getTrngSource
                0x0000000000017d90      0x2a8 /opt/nordic/ncs/v2.7.0/nrfxlib/crypto/nrf_cc312_platform/lib/cortex-m33/hard-float/no-interrupts/libnrf_cc312_platform_0.9.19.a(llf_rnd_trng90b.c.obj)
 .text.LLF_RND_GetTrngSource
                0x0000000000018038       0x18 /opt/nordic/ncs/v2.7.0/nrfxlib/crypto/nrf_cc312_platform/lib/cortex-m33/hard-float/no-interrupts/libnrf_cc312_platform_0.9.19.a(llf_rnd_trng90b.c.obj)
                0x0000000000018038                LLF_RND_GetTrngSource
 .text.LLF_RND_RunTrngStartupTest
                0x0000000000018050       0x1c /opt/nordic/ncs/v2.7.0/nrfxlib/crypto/nrf_cc312_platform/lib/cortex-m33/hard-float/no-interrupts/libnrf_cc312_platform_0.9.19.a(llf_rnd_trng90b.c.obj)
                0x0000000000018050                LLF_RND_RunTrngStartupTest
 .text.mbedtls_hardware_poll
                0x000000000001806c      0x104 /opt/nordic/ncs/v2.7.0/nrfxlib/crypto/nrf_cc312_platform/lib/cortex-m33/hard-float/no-interrupts/libnrf_cc312_platform_0.9.19.a(trng_api.c.obj)
                0x000000000001806c                mbedtls_hardware_poll
 .text.cc_mbedtls_sha256_init
                0x0000000000018170       0x28 /opt/nordic/ncs/v2.7.0/nrfxlib/crypto/nrf_cc312_platform/lib/cortex-m33/hard-float/no-interrupts/libnrf_cc312_platform_0.9.19.a(sha256_alt.c.obj)
                0x0000000000018170                cc_mbedtls_sha256_init
 .text.cc_mbedtls_sha256_free
                0x0000000000018198        0xc /opt/nordic/ncs/v2.7.0/nrfxlib/crypto/nrf_cc312_platform/lib/cortex-m33/hard-float/no-interrupts/libnrf_cc312_platform_0.9.19.a(sha256_alt.c.obj)
                0x0000000000018198                cc_mbedtls_sha256_free
 .text.cc_mbedtls_sha256_starts
                0x00000000000181a4       0x28 /opt/nordic/ncs/v2.7.0/nrfxlib/crypto/nrf_cc312_platform/lib/cortex-m33/hard-float/no-interrupts/libnrf_cc312_platform_0.9.19.a(sha256_alt.c.obj)
                0x00000000000181a4                cc_mbedtls_sha256_starts
 .text.cc_mbedtls_sha256_update
                0x00000000000181cc       0x54 /opt/nordic/ncs/v2.7.0/nrfxlib/crypto/nrf_cc312_platform/lib/cortex-m33/hard-float/no-interrupts/libnrf_cc312_platform_0.9.19.a(sha256_alt.c.obj)
                0x00000000000181cc                cc_mbedtls_sha256_update
 .text.cc_mbedtls_sha256_finish
                0x0000000000018220       0x48 /opt/nordic/ncs/v2.7.0/nrfxlib/crypto/nrf_cc312_platform/lib/cortex-m33/hard-float/no-interrupts/libnrf_cc312_platform_0.9.19.a(sha256_alt.c.obj)
                0x0000000000018220                cc_mbedtls_sha256_finish
 .text.mbedtls_sha_starts_internal
                0x0000000000018268       0x28 /opt/nordic/ncs/v2.7.0/nrfxlib/crypto/nrf_cc312_platform/lib/cortex-m33/hard-float/no-interrupts/libnrf_cc312_platform_0.9.19.a(mbedtls_hash_common.c.obj)
                0x0000000000018268                mbedtls_sha_starts_internal
 .text.mbedtls_sha_finish_internal
                0x0000000000018290       0x5c /opt/nordic/ncs/v2.7.0/nrfxlib/crypto/nrf_cc312_platform/lib/cortex-m33/hard-float/no-interrupts/libnrf_cc312_platform_0.9.19.a(mbedtls_hash_common.c.obj)
                0x0000000000018290                mbedtls_sha_finish_internal
 .text.mbedtls_sha_update_internal
                0x00000000000182ec      0x1ec /opt/nordic/ncs/v2.7.0/nrfxlib/crypto/nrf_cc312_platform/lib/cortex-m33/hard-float/no-interrupts/libnrf_cc312_platform_0.9.19.a(mbedtls_hash_common.c.obj)
                0x00000000000182ec                mbedtls_sha_update_internal
 .text.cc_mbedtls_sha256
                0x00000000000184d8       0x50 /opt/nordic/ncs/v2.7.0/nrfxlib/crypto/nrf_cc312_platform/lib/cortex-m33/hard-float/no-interrupts/libnrf_cc312_platform_0.9.19.a(sha256.c.obj)
                0x00000000000184d8                cc_mbedtls_sha256
 .text.RNG_PLAT_SetUserRngParameters
                0x0000000000018528       0x74 /opt/nordic/ncs/v2.7.0/nrfxlib/crypto/nrf_cc312_platform/lib/cortex-m33/hard-float/no-interrupts/libnrf_cc312_platform_0.9.19.a(cc_rng_plat.c.obj)
                0x0000000000018528                RNG_PLAT_SetUserRngParameters
 .text.CC_PalTrngParamGet
                0x000000000001859c       0xac /opt/nordic/ncs/v2.7.0/nrfxlib/crypto/nrf_cc312_platform/lib/cortex-m33/hard-float/no-interrupts/libnrf_cc312_platform_0.9.19.a(cc_pal_trng.c.obj)
                0x000000000001859c                CC_PalTrngParamGet
 .text.LLF_RND_WaitRngInterrupt
                0x0000000000018648       0x20 /opt/nordic/ncs/v2.7.0/nrfxlib/crypto/nrf_cc312_platform/lib/cortex-m33/hard-float/no-interrupts/libnrf_cc312_platform_0.9.19.a(llf_rnd.c.obj)
                0x0000000000018648                LLF_RND_WaitRngInterrupt
 .text.LLF_RND_GetRoscSampleCnt
                0x0000000000018668       0x34 /opt/nordic/ncs/v2.7.0/nrfxlib/crypto/nrf_cc312_platform/lib/cortex-m33/hard-float/no-interrupts/libnrf_cc312_platform_0.9.19.a(llf_rnd.c.obj)
                0x0000000000018668                LLF_RND_GetRoscSampleCnt
 .text.LLF_RND_GetFastestRosc
                0x000000000001869c       0x20 /opt/nordic/ncs/v2.7.0/nrfxlib/crypto/nrf_cc312_platform/lib/cortex-m33/hard-float/no-interrupts/libnrf_cc312_platform_0.9.19.a(llf_rnd.c.obj)
                0x000000000001869c                LLF_RND_GetFastestRosc
 .text.LLF_RND_TurnOffTrng
                0x00000000000186bc       0x24 /opt/nordic/ncs/v2.7.0/nrfxlib/crypto/nrf_cc312_platform/lib/cortex-m33/hard-float/no-interrupts/libnrf_cc312_platform_0.9.19.a(llf_rnd.c.obj)
                0x00000000000186bc                LLF_RND_TurnOffTrng
 .text.InitHashDrv
                0x00000000000186e0       0x50 /opt/nordic/ncs/v2.7.0/nrfxlib/crypto/nrf_cc312_platform/lib/cortex-m33/hard-float/no-interrupts/libnrf_cc312_platform_0.9.19.a(hash_driver.c.obj)
                0x00000000000186e0                InitHashDrv
 .text.ProcessHashDrv
                0x0000000000018730      0x210 /opt/nordic/ncs/v2.7.0/nrfxlib/crypto/nrf_cc312_platform/lib/cortex-m33/hard-float/no-interrupts/libnrf_cc312_platform_0.9.19.a(hash_driver.c.obj)
                0x0000000000018730                ProcessHashDrv
 .text.FinishHashDrv